Archive member included to satisfy reference by file (symbol)

c:/st/stm32cubeide/stm32cubeide/plugins/com.st.stm32cube.ide.mcu.externaltools.gnu-tools-for-stm32.9-2020-q2-update.win32_2.0.0.202105311346/tools/bin/../lib/gcc/arm-none-eabi/9.3.1/../../../../arm-none-eabi/lib/thumb/v7e-m+dp/hard\libc_nano.a(lib_a-errno.o)
                              ./Core/Src/syscalls.o (__errno)
c:/st/stm32cubeide/stm32cubeide/plugins/com.st.stm32cube.ide.mcu.externaltools.gnu-tools-for-stm32.9-2020-q2-update.win32_2.0.0.202105311346/tools/bin/../lib/gcc/arm-none-eabi/9.3.1/../../../../arm-none-eabi/lib/thumb/v7e-m+dp/hard\libc_nano.a(lib_a-exit.o)
                              c:/st/stm32cubeide/stm32cubeide/plugins/com.st.stm32cube.ide.mcu.externaltools.gnu-tools-for-stm32.9-2020-q2-update.win32_2.0.0.202105311346/tools/bin/../lib/gcc/arm-none-eabi/9.3.1/../../../../arm-none-eabi/lib/thumb/v7e-m+dp/hard/crt0.o (exit)
c:/st/stm32cubeide/stm32cubeide/plugins/com.st.stm32cube.ide.mcu.externaltools.gnu-tools-for-stm32.9-2020-q2-update.win32_2.0.0.202105311346/tools/bin/../lib/gcc/arm-none-eabi/9.3.1/../../../../arm-none-eabi/lib/thumb/v7e-m+dp/hard\libc_nano.a(lib_a-findfp.o)
                              ./Middlewares/Third_Party/FreeRTOS/Source/tasks.o (__sf_fake_stderr)
c:/st/stm32cubeide/stm32cubeide/plugins/com.st.stm32cube.ide.mcu.externaltools.gnu-tools-for-stm32.9-2020-q2-update.win32_2.0.0.202105311346/tools/bin/../lib/gcc/arm-none-eabi/9.3.1/../../../../arm-none-eabi/lib/thumb/v7e-m+dp/hard\libc_nano.a(lib_a-fwalk.o)
                              c:/st/stm32cubeide/stm32cubeide/plugins/com.st.stm32cube.ide.mcu.externaltools.gnu-tools-for-stm32.9-2020-q2-update.win32_2.0.0.202105311346/tools/bin/../lib/gcc/arm-none-eabi/9.3.1/../../../../arm-none-eabi/lib/thumb/v7e-m+dp/hard\libc_nano.a(lib_a-findfp.o) (_fwalk)
c:/st/stm32cubeide/stm32cubeide/plugins/com.st.stm32cube.ide.mcu.externaltools.gnu-tools-for-stm32.9-2020-q2-update.win32_2.0.0.202105311346/tools/bin/../lib/gcc/arm-none-eabi/9.3.1/../../../../arm-none-eabi/lib/thumb/v7e-m+dp/hard\libc_nano.a(lib_a-impure.o)
                              c:/st/stm32cubeide/stm32cubeide/plugins/com.st.stm32cube.ide.mcu.externaltools.gnu-tools-for-stm32.9-2020-q2-update.win32_2.0.0.202105311346/tools/bin/../lib/gcc/arm-none-eabi/9.3.1/../../../../arm-none-eabi/lib/thumb/v7e-m+dp/hard\libc_nano.a(lib_a-exit.o) (_global_impure_ptr)
c:/st/stm32cubeide/stm32cubeide/plugins/com.st.stm32cube.ide.mcu.externaltools.gnu-tools-for-stm32.9-2020-q2-update.win32_2.0.0.202105311346/tools/bin/../lib/gcc/arm-none-eabi/9.3.1/../../../../arm-none-eabi/lib/thumb/v7e-m+dp/hard\libc_nano.a(lib_a-init.o)
                              c:/st/stm32cubeide/stm32cubeide/plugins/com.st.stm32cube.ide.mcu.externaltools.gnu-tools-for-stm32.9-2020-q2-update.win32_2.0.0.202105311346/tools/bin/../lib/gcc/arm-none-eabi/9.3.1/../../../../arm-none-eabi/lib/thumb/v7e-m+dp/hard/crt0.o (__libc_init_array)
c:/st/stm32cubeide/stm32cubeide/plugins/com.st.stm32cube.ide.mcu.externaltools.gnu-tools-for-stm32.9-2020-q2-update.win32_2.0.0.202105311346/tools/bin/../lib/gcc/arm-none-eabi/9.3.1/../../../../arm-none-eabi/lib/thumb/v7e-m+dp/hard\libc_nano.a(lib_a-lock.o)
                              c:/st/stm32cubeide/stm32cubeide/plugins/com.st.stm32cube.ide.mcu.externaltools.gnu-tools-for-stm32.9-2020-q2-update.win32_2.0.0.202105311346/tools/bin/../lib/gcc/arm-none-eabi/9.3.1/../../../../arm-none-eabi/lib/thumb/v7e-m+dp/hard\libc_nano.a(lib_a-findfp.o) (__retarget_lock_init_recursive)
c:/st/stm32cubeide/stm32cubeide/plugins/com.st.stm32cube.ide.mcu.externaltools.gnu-tools-for-stm32.9-2020-q2-update.win32_2.0.0.202105311346/tools/bin/../lib/gcc/arm-none-eabi/9.3.1/../../../../arm-none-eabi/lib/thumb/v7e-m+dp/hard\libc_nano.a(lib_a-malloc.o)
                              ./Core/Src/freertos.o (malloc)
c:/st/stm32cubeide/stm32cubeide/plugins/com.st.stm32cube.ide.mcu.externaltools.gnu-tools-for-stm32.9-2020-q2-update.win32_2.0.0.202105311346/tools/bin/../lib/gcc/arm-none-eabi/9.3.1/../../../../arm-none-eabi/lib/thumb/v7e-m+dp/hard\libc_nano.a(lib_a-memcmp.o)
                              ./Core/Src/freertos.o (memcmp)
c:/st/stm32cubeide/stm32cubeide/plugins/com.st.stm32cube.ide.mcu.externaltools.gnu-tools-for-stm32.9-2020-q2-update.win32_2.0.0.202105311346/tools/bin/../lib/gcc/arm-none-eabi/9.3.1/../../../../arm-none-eabi/lib/thumb/v7e-m+dp/hard\libc_nano.a(lib_a-memcpy-stub.o)
                              ./Middlewares/Third_Party/FreeRTOS/Source/queue.o (memcpy)
c:/st/stm32cubeide/stm32cubeide/plugins/com.st.stm32cube.ide.mcu.externaltools.gnu-tools-for-stm32.9-2020-q2-update.win32_2.0.0.202105311346/tools/bin/../lib/gcc/arm-none-eabi/9.3.1/../../../../arm-none-eabi/lib/thumb/v7e-m+dp/hard\libc_nano.a(lib_a-memset.o)
[...]
Memory Configuration

Name             Origin             Length             Attributes
ITCM             0x0000000000000000 0x0000000000004000 x
SRAM1            0x0000000020000000 0x000000000007c000 xrw
SRAM2            0x0000000020070000 0x0000000000004000 xrw
BKPSRAM          0x0000000040024000 0x0000000000001000 rw
FLASH            0x0000000008000000 0x0000000000100000 xr
*default*        0x0000000000000000 0xffffffffffffffff

Linker script and memory map

LOAD c:/st/stm32cubeide/stm32cubeide/plugins/com.st.stm32cube.ide.mcu.externaltools.gnu-tools-for-stm32.9-2020-q2-update.win32_2.0.0.202105311346/tools/bin/../lib/gcc/arm-none-eabi/9.3.1/thumb/v7e-m+dp/hard/crti.o
LOAD c:/st/stm32cubeide/stm32cubeide/plugins/com.st.stm32cube.ide.mcu.externaltools.gnu-tools-for-stm32.9-2020-q2-update.win32_2.0.0.202105311346/tools/bin/../lib/gcc/arm-none-eabi/9.3.1/thumb/v7e-m+dp/hard/crtbegin.o
LOAD c:/st/stm32cubeide/stm32cubeide/plugins/com.st.stm32cube.ide.mcu.externaltools.gnu-tools-for-stm32.9-2020-q2-update.win32_2.0.0.202105311346/tools/bin/../lib/gcc/arm-none-eabi/9.3.1/../../../../arm-none-eabi/lib/thumb/v7e-m+dp/hard/crt0.o
LOAD ./Core/Src/dma2d.o
LOAD ./Core/Src/fmc.o
LOAD ./Core/Src/freertos.o
LOAD ./Core/Src/gpio.o
LOAD ./Core/Src/i2c.o
LOAD ./Core/Src/ltdc.o
LOAD ./Core/Src/main.o
LOAD ./Core/Src/quadspi.o
LOAD ./Core/Src/stm32f7xx_hal_msp.o
LOAD ./Core/Src/stm32f7xx_hal_timebase_tim.o
LOAD ./Core/Src/stm32f7xx_it.o
LOAD ./Core/Src/syscalls.o
LOAD ./Core/Src/sysmem.o
LOAD ./Core/Src/system_stm32f7xx.o
LOAD ./Core/Startup/startup_stm32f767bgtx.o
LOAD ./Device/stm32-ft5336/ft5336.o
LOAD ./Device/stm32-ft5336/ft5336_conf.o
LOAD ./Device/stm32-ft5336/ft5336_reg.o
LOAD ./Device/stm32-is42s32800g/is42s32800g.o
LOAD ./Device/stm32-mt25ql512abb/mt25ql512abb.o
LOAD ./Drivers/STM32F7xx_HAL_Driver/Src/stm32f7xx_hal.o
LOAD ./Drivers/STM32F7xx_HAL_Driver/Src/stm32f7xx_hal_cortex.o
LOAD ./Drivers/STM32F7xx_HAL_Driver/Src/stm32f7xx_hal_dma.o
LOAD ./Drivers/STM32F7xx_HAL_Driver/Src/stm32f7xx_hal_dma2d.o
LOAD ./Drivers/STM32F7xx_HAL_Driver/Src/stm32f7xx_hal_dma_ex.o
LOAD ./Drivers/STM32F7xx_HAL_Driver/Src/stm32f7xx_hal_dsi.o
LOAD ./Drivers/STM32F7xx_HAL_Driver/Src/stm32f7xx_hal_exti.o
LOAD ./Drivers/STM32F7xx_HAL_Driver/Src/stm32f7xx_hal_flash.o
LOAD ./Drivers/STM32F7xx_HAL_Driver/Src/stm32f7xx_hal_flash_ex.o
LOAD ./Drivers/STM32F7xx_HAL_Driver/Src/stm32f7xx_hal_gpio.o
LOAD ./Drivers/STM32F7xx_HAL_Driver/Src/stm32f7xx_hal_i2c.o
LOAD ./Drivers/STM32F7xx_HAL_Driver/Src/stm32f7xx_hal_i2c_ex.o
LOAD ./Drivers/STM32F7xx_HAL_Driver/Src/stm32f7xx_hal_ltdc.o
LOAD ./Drivers/STM32F7xx_HAL_Driver/Src/stm32f7xx_hal_ltdc_ex.o
LOAD ./Drivers/STM32F7xx_HAL_Driver/Src/stm32f7xx_hal_pwr.o
LOAD ./Drivers/STM32F7xx_HAL_Driver/Src/stm32f7xx_hal_pwr_ex.o
LOAD ./Drivers/STM32F7xx_HAL_Driver/Src/stm32f7xx_hal_qspi.o
LOAD ./Drivers/STM32F7xx_HAL_Driver/Src/stm32f7xx_hal_rcc.o
LOAD ./Drivers/STM32F7xx_HAL_Driver/Src/stm32f7xx_hal_rcc_ex.o
LOAD ./Drivers/STM32F7xx_HAL_Driver/Src/stm32f7xx_hal_sdram.o
LOAD ./Drivers/STM32F7xx_HAL_Driver/Src/stm32f7xx_hal_tim.o
LOAD ./Drivers/STM32F7xx_HAL_Driver/Src/stm32f7xx_hal_tim_ex.o
LOAD ./Drivers/STM32F7xx_HAL_Driver/Src/stm32f7xx_ll_fmc.o
LOAD ./Middlewares/Third_Party/FreeRTOS/Source/CMSIS_RTOS/cmsis_os.o
LOAD ./Middlewares/Third_Party/FreeRTOS/Source/croutine.o
LOAD ./Middlewares/Third_Party/FreeRTOS/Source/event_groups.o
LOAD ./Middlewares/Third_Party/FreeRTOS/Source/list.o
LOAD ./Middlewares/Third_Party/FreeRTOS/Source/queue.o
LOAD ./Middlewares/Third_Party/FreeRTOS/Source/stream_buffer.o
LOAD ./Middlewares/Third_Party/FreeRTOS/Source/tasks.o
LOAD ./Middlewares/Third_Party/FreeRTOS/Source/timers.o
LOAD ./Middlewares/Third_Party/FreeRTOS/Source/portable/GCC/ARM_CM7/r0p1/port.o
LOAD ./Middlewares/Third_Party/FreeRTOS/Source/portable/MemMang/heap_4.o
START GROUP
LOAD c:/st/stm32cubeide/stm32cubeide/plugins/com.st.stm32cube.ide.mcu.externaltools.gnu-tools-for-stm32.9-2020-q2-update.win32_2.0.0.202105311346/tools/bin/../lib/gcc/arm-none-eabi/9.3.1/../../../../arm-none-eabi/lib/thumb/v7e-m+dp/hard\libstdc++_nano.a
LOAD c:/st/stm32cubeide/stm32cubeide/plugins/com.st.stm32cube.ide.mcu.externaltools.gnu-tools-for-stm32.9-2020-q2-update.win32_2.0.0.202105311346/tools/bin/../lib/gcc/arm-none-eabi/9.3.1/../../../../arm-none-eabi/lib/thumb/v7e-m+dp/hard\libsupc++_nano.a
END GROUP
LOAD c:/st/stm32cubeide/stm32cubeide/plugins/com.st.stm32cube.ide.mcu.externaltools.gnu-tools-for-stm32.9-2020-q2-update.win32_2.0.0.202105311346/tools/bin/../lib/gcc/arm-none-eabi/9.3.1/../../../../arm-none-eabi/lib/thumb/v7e-m+dp/hard\libstdc++_nano.a
LOAD c:/st/stm32cubeide/stm32cubeide/plugins/com.st.stm32cube.ide.mcu.externaltools.gnu-tools-for-stm32.9-2020-q2-update.win32_2.0.0.202105311346/tools/bin/../lib/gcc/arm-none-eabi/9.3.1/../../../../arm-none-eabi/lib/thumb/v7e-m+dp/hard\libm.a
LOAD c:/st/stm32cubeide/stm32cubeide/plugins/com.st.stm32cube.ide.mcu.externaltools.gnu-tools-for-stm32.9-2020-q2-update.win32_2.0.0.202105311346/tools/bin/../lib/gcc/arm-none-eabi/9.3.1/../../../../arm-none-eabi/lib/thumb/v7e-m+dp/hard\libc_nano.a
START GROUP
LOAD c:/st/stm32cubeide/stm32cubeide/plugins/com.st.stm32cube.ide.mcu.externaltools.gnu-tools-for-stm32.9-2020-q2-update.win32_2.0.0.202105311346/tools/bin/../lib/gcc/arm-none-eabi/9.3.1/thumb/v7e-m+dp/hard\libgcc.a
LOAD c:/st/stm32cubeide/stm32cubeide/plugins/com.st.stm32cube.ide.mcu.externaltools.gnu-tools-for-stm32.9-2020-q2-update.win32_2.0.0.202105311346/tools/bin/../lib/gcc/arm-none-eabi/9.3.1/../../../../arm-none-eabi/lib/thumb/v7e-m+dp/hard\libc_nano.a
END GROUP
START GROUP
LOAD c:/st/stm32cubeide/stm32cubeide/plugins/com.st.stm32cube.ide.mcu.externaltools.gnu-tools-for-stm32.9-2020-q2-update.win32_2.0.0.202105311346/tools/bin/../lib/gcc/arm-none-eabi/9.3.1/thumb/v7e-m+dp/hard\libgcc.a
LOAD c:/st/stm32cubeide/stm32cubeide/plugins/com.st.stm32cube.ide.mcu.externaltools.gnu-tools-for-stm32.9-2020-q2-update.win32_2.0.0.202105311346/tools/bin/../lib/gcc/arm-none-eabi/9.3.1/../../../../arm-none-eabi/lib/thumb/v7e-m+dp/hard\libc_nano.a
LOAD c:/st/stm32cubeide/stm32cubeide/plugins/com.st.stm32cube.ide.mcu.externaltools.gnu-tools-for-stm32.9-2020-q2-update.win32_2.0.0.202105311346/tools/bin/../lib/gcc/arm-none-eabi/9.3.1/../../../../arm-none-eabi/lib/thumb/v7e-m+dp/hard\libnosys.a
END GROUP
START GROUP
LOAD c:/st/stm32cubeide/stm32cubeide/plugins/com.st.stm32cube.ide.mcu.externaltools.gnu-tools-for-stm32.9-2020-q2-update.win32_2.0.0.202105311346/tools/bin/../lib/gcc/arm-none-eabi/9.3.1/thumb/v7e-m+dp/hard\libgcc.a
LOAD c:/st/stm32cubeide/stm32cubeide/plugins/com.st.stm32cube.ide.mcu.externaltools.gnu-tools-for-stm32.9-2020-q2-update.win32_2.0.0.202105311346/tools/bin/../lib/gcc/arm-none-eabi/9.3.1/../../../../arm-none-eabi/lib/thumb/v7e-m+dp/hard\libc_nano.a
LOAD c:/st/stm32cubeide/stm32cubeide/plugins/com.st.stm32cube.ide.mcu.externaltools.gnu-tools-for-stm32.9-2020-q2-update.win32_2.0.0.202105311346/tools/bin/../lib/gcc/arm-none-eabi/9.3.1/../../../../arm-none-eabi/lib/thumb/v7e-m+dp/hard\libnosys.a
END GROUP
LOAD c:/st/stm32cubeide/stm32cubeide/plugins/com.st.stm32cube.ide.mcu.externaltools.gnu-tools-for-stm32.9-2020-q2-update.win32_2.0.0.202105311346/tools/bin/../lib/gcc/arm-none-eabi/9.3.1/thumb/v7e-m+dp/hard/crtend.o
LOAD c:/st/stm32cubeide/stm32cubeide/plugins/com.st.stm32cube.ide.mcu.externaltools.gnu-tools-for-stm32.9-2020-q2-update.win32_2.0.0.202105311346/tools/bin/../lib/gcc/arm-none-eabi/9.3.1/thumb/v7e-m+dp/hard/crtn.o
                0x000000002007c000                _estack = (ORIGIN (SRAM1) + LENGTH (SRAM1))
                0x0000000000020000                _Min_Heap_Size = 0x20000
                0x0000000000000f00                _Min_Stack_Size = 0xf00

.isr_vector     0x0000000008000000      0x1f8
                0x0000000008000000                . = ALIGN (0x4)
 *(.isr_vector)
 .isr_vector    0x0000000008000000      0x1f8 ./Core/Startup/startup_stm32f767bgtx.o
                0x0000000008000000                g_pfnVectors
                0x00000000080001f8                . = ALIGN (0x4)

.text           0x0000000008000200     0xb7fc
                0x0000000008000200                . = ALIGN (0x4)
 *(.text)
 .text          0x0000000008000200       0x40 c:/st/stm32cubeide/stm32cubeide/plugins/com.st.stm32cube.ide.mcu.externaltools.gnu-tools-for-stm32.9-2020-q2-update.win32_2.0.0.202105311346/tools/bin/../lib/gcc/arm-none-eabi/9.3.1/thumb/v7e-m+dp/hard/crtbegin.o
 .text          0x0000000008000240       0x10 c:/st/stm32cubeide/stm32cubeide/plugins/com.st.stm32cube.ide.mcu.externaltools.gnu-tools-for-stm32.9-2020-q2-update.win32_2.0.0.202105311346/tools/bin/../lib/gcc/arm-none-eabi/9.3.1/../../../../arm-none-eabi/lib/thumb/v7e-m+dp/hard\libc_nano.a(lib_a-strlen.o)
                0x0000000008000240                strlen
 .text          0x0000000008000250       0xa0 c:/st/stm32cubeide/stm32cubeide/plugins/com.st.stm32cube.ide.mcu.externaltools.gnu-tools-for-stm32.9-2020-q2-update.win32_2.0.0.202105311346/tools/bin/../lib/gcc/arm-none-eabi/9.3.1/../../../../arm-none-eabi/lib/thumb/v7e-m+dp/hard\libc_nano.a(lib_a-memchr.o)
                0x0000000008000250                memchr
 .text          0x00000000080002f0       0x30 c:/st/stm32cubeide/stm32cubeide/plugins/com.st.stm32cube.ide.mcu.externaltools.gnu-tools-for-stm32.9-2020-q2-update.win32_2.0.0.202105311346/tools/bin/../lib/gcc/arm-none-eabi/9.3.1/thumb/v7e-m+dp/hard\libgcc.a(_aeabi_uldivmod.o)
                0x00000000080002f0                __aeabi_uldivmod
 .text          0x0000000008000320      0x2c4 c:/st/stm32cubeide/stm32cubeide/plugins/com.st.stm32cube.ide.mcu.externaltools.gnu-tools-for-stm32.9-2020-q2-update.win32_2.0.0.202105311346/tools/bin/../lib/gcc/arm-none-eabi/9.3.1/thumb/v7e-m+dp/hard\libgcc.a(_udivmoddi4.o)
                0x0000000008000320                __udivmoddi4
 .text          0x00000000080005e4        0x4 c:/st/stm32cubeide/stm32cubeide/plugins/com.st.stm32cube.ide.mcu.externaltools.gnu-tools-for-stm32.9-2020-q2-update.win32_2.0.0.202105311346/tools/bin/../lib/gcc/arm-none-eabi/9.3.1/thumb/v7e-m+dp/hard\libgcc.a(_dvmd_tls.o)
                0x00000000080005e4                __aeabi_idiv0
                0x00000000080005e4                __aeabi_ldiv0
 *(.text*)
 .text.MX_DMA2D_Init
                0x00000000080005e8       0x70 ./Core/Src/dma2d.o
                0x00000000080005e8                MX_DMA2D_Init
 .text.HAL_DMA2D_MspInit
                0x0000000008000658       0x4c ./Core/Src/dma2d.o
                0x0000000008000658                HAL_DMA2D_MspInit
 .text.MX_FMC_Init
                0x00000000080006a4       0xdc ./Core/Src/fmc.o
                0x00000000080006a4                MX_FMC_Init
 .text.HAL_FMC_MspInit
                0x0000000008000780      0x148 ./Core/Src/fmc.o
 .text.HAL_SDRAM_MspInit
                0x00000000080008c8       0x14 ./Core/Src/fmc.o
                0x00000000080008c8                HAL_SDRAM_MspInit
 .text.configureTimerForRunTimeStats
                0x00000000080008dc        0xe ./Core/Src/freertos.o
                0x00000000080008dc                configureTimerForRunTimeStats
 .text.getRunTimeCounterValue
                0x00000000080008ea        0xe ./Core/Src/freertos.o
                0x00000000080008ea                getRunTimeCounterValue
 .text.vApplicationGetIdleTaskMemory
                0x00000000080008f8       0x34 ./Core/Src/freertos.o
                0x00000000080008f8                vApplicationGetIdleTaskMemory
 .text.MX_FREERTOS_Init
                0x000000000800092c      0x1a0 ./Core/Src/freertos.o
                0x000000000800092c                MX_FREERTOS_Init
 .text.execHeartbeatTask
                0x0000000008000acc       0x28 ./Core/Src/freertos.o
                0x0000000008000acc                execHeartbeatTask
 .text.execLcdTestTask
                0x0000000008000af4      0x1c4 ./Core/Src/freertos.o
                0x0000000008000af4                execLcdTestTask
 .text.execSdramTestTask
                0x0000000008000cb8      0x2f4 ./Core/Src/freertos.o
                0x0000000008000cb8                execSdramTestTask
 *fill*         0x0000000008000fac        0x4 
 .text.execFlashTestTask
                0x0000000008000fb0      0x244 ./Core/Src/freertos.o
                0x0000000008000fb0                execFlashTestTask
 .text.execTouchTestTask
                0x00000000080011f4       0x58 ./Core/Src/freertos.o
                0x00000000080011f4                execTouchTestTask
 .text.execTouchgfxTask
                0x000000000800124c       0x10 ./Core/Src/freertos.o
                0x000000000800124c                execTouchgfxTask
 .text.MX_GPIO_Init
                0x000000000800125c      0x1f8 ./Core/Src/gpio.o
                0x000000000800125c                MX_GPIO_Init
 .text.MX_I2C4_Init
                0x0000000008001454       0x80 ./Core/Src/i2c.o
                0x0000000008001454                MX_I2C4_Init
 .text.HAL_I2C_MspInit
                0x00000000080014d4       0xc0 ./Core/Src/i2c.o
                0x00000000080014d4                HAL_I2C_MspInit
 .text.MX_LTDC_Init
                0x0000000008001594      0x104 ./Core/Src/ltdc.o
                0x0000000008001594                MX_LTDC_Init
 .text.HAL_LTDC_MspInit
                0x0000000008001698      0x3e0 ./Core/Src/ltdc.o
                0x0000000008001698                HAL_LTDC_MspInit
 .text.main     0x0000000008001a78       0x2e ./Core/Src/main.o
                0x0000000008001a78                main
 *fill*         0x0000000008001aa6        0x2 
 .text.SystemClock_Config
                0x0000000008001aa8       0xe0 ./Core/Src/main.o
                0x0000000008001aa8                SystemClock_Config
 .text.HAL_TIM_PeriodElapsedCallback
                0x0000000008001b88       0x24 ./Core/Src/main.o
                0x0000000008001b88                HAL_TIM_PeriodElapsedCallback
 .text.Error_Handler
                0x0000000008001bac        0xa ./Core/Src/main.o
                0x0000000008001bac                Error_Handler
 *fill*         0x0000000008001bb6        0x2 
 .text.MX_QUADSPI_Init
                0x0000000008001bb8       0xd0 ./Core/Src/quadspi.o
                0x0000000008001bb8                MX_QUADSPI_Init
 .text.HAL_QSPI_MspInit
                0x0000000008001c88      0x124 ./Core/Src/quadspi.o
                0x0000000008001c88                HAL_QSPI_MspInit
 .text.HAL_MspInit
                0x0000000008001dac       0x50 ./Core/Src/stm32f7xx_hal_msp.o
                0x0000000008001dac                HAL_MspInit
 .text.HAL_InitTick
                0x0000000008001dfc       0xb0 ./Core/Src/stm32f7xx_hal_timebase_tim.o
                0x0000000008001dfc                HAL_InitTick
 .text.NMI_Handler
                0x0000000008001eac        0x6 ./Core/Src/stm32f7xx_it.o
                0x0000000008001eac                NMI_Handler
 .text.HardFault_Handler
                0x0000000008001eb2        0x6 ./Core/Src/stm32f7xx_it.o
                0x0000000008001eb2                HardFault_Handler
 .text.MemManage_Handler
                0x0000000008001eb8        0x6 ./Core/Src/stm32f7xx_it.o
                0x0000000008001eb8                MemManage_Handler
 .text.BusFault_Handler
                0x0000000008001ebe        0x6 ./Core/Src/stm32f7xx_it.o
                0x0000000008001ebe                BusFault_Handler
 .text.UsageFault_Handler
                0x0000000008001ec4        0x6 ./Core/Src/stm32f7xx_it.o
                0x0000000008001ec4                UsageFault_Handler
 .text.DebugMon_Handler
                0x0000000008001eca        0xe ./Core/Src/stm32f7xx_it.o
                0x0000000008001eca                DebugMon_Handler
 .text.TIM8_TRG_COM_TIM14_IRQHandler
                0x0000000008001ed8       0x14 ./Core/Src/stm32f7xx_it.o
                0x0000000008001ed8                TIM8_TRG_COM_TIM14_IRQHandler
 .text.LTDC_IRQHandler
                0x0000000008001eec       0x14 ./Core/Src/stm32f7xx_it.o
                0x0000000008001eec                LTDC_IRQHandler
 .text.DMA2D_IRQHandler
                0x0000000008001f00       0x14 ./Core/Src/stm32f7xx_it.o
                0x0000000008001f00                DMA2D_IRQHandler
 .text.ITM_SendChar
                0x0000000008001f14       0x4e ./Core/Src/syscalls.o
 *fill*         0x0000000008001f62        0x2 
 .text.ITM_ReceiveChar
                0x0000000008001f64       0x38 ./Core/Src/syscalls.o
 .text.__io_putchar
                0x0000000008001f9c       0x1a ./Core/Src/syscalls.o
                0x0000000008001f9c                __io_putchar
 .text.__io_getchar
                0x0000000008001fb6        0xe ./Core/Src/syscalls.o
                0x0000000008001fb6                __io_getchar
 .text._getpid  0x0000000008001fc4       0x10 ./Core/Src/syscalls.o
                0x0000000008001fc4                _getpid
 .text._kill    0x0000000008001fd4       0x20 ./Core/Src/syscalls.o
                0x0000000008001fd4                _kill
 .text._exit    0x0000000008001ff4       0x14 ./Core/Src/syscalls.o
                0x0000000008001ff4                _exit
 .text._read    0x0000000008002008       0x3a ./Core/Src/syscalls.o
                0x0000000008002008                _read
 .text._write   0x0000000008002042       0x38 ./Core/Src/syscalls.o
                0x0000000008002042                _write
 .text._close   0x000000000800207a       0x18 ./Core/Src/syscalls.o
                0x000000000800207a                _close
 .text._fstat   0x0000000008002092       0x20 ./Core/Src/syscalls.o
                0x0000000008002092                _fstat
 .text._isatty  0x00000000080020b2       0x16 ./Core/Src/syscalls.o
                0x00000000080020b2                _isatty
 .text._lseek   0x00000000080020c8       0x1a ./Core/Src/syscalls.o
                0x00000000080020c8                _lseek
 *fill*         0x00000000080020e2        0x2 
 .text._sbrk    0x00000000080020e4       0x6c ./Core/Src/sysmem.o
                0x00000000080020e4                _sbrk
 .text.SystemInit
                0x0000000008002150       0x24 ./Core/Src/system_stm32f7xx.o
                0x0000000008002150                SystemInit
 .text.Reset_Handler
                0x0000000008002174       0x50 ./Core/Startup/startup_stm32f767bgtx.o
                0x0000000008002174                Reset_Handler
 .text.Default_Handler
                0x00000000080021c4        0x2 ./Core/Startup/startup_stm32f767bgtx.o
                0x00000000080021c4                RTC_Alarm_IRQHandler
                0x00000000080021c4                EXTI2_IRQHandler
                0x00000000080021c4                TIM8_CC_IRQHandler
                0x00000000080021c4                UART8_IRQHandler
                0x00000000080021c4                SPI4_IRQHandler
                0x00000000080021c4                TIM1_CC_IRQHandler
                0x00000000080021c4                DMA2_Stream5_IRQHandler
                0x00000000080021c4                JPEG_IRQHandler
                0x00000000080021c4                DMA1_Stream5_IRQHandler
                0x00000000080021c4                CAN3_RX1_IRQHandler
                0x00000000080021c4                PVD_IRQHandler
                0x00000000080021c4                TAMP_STAMP_IRQHandler
                0x00000000080021c4                CAN2_RX1_IRQHandler
                0x00000000080021c4                EXTI3_IRQHandler
                0x00000000080021c4                DFSDM1_FLT1_IRQHandler
                0x00000000080021c4                TIM1_UP_TIM10_IRQHandler
                0x00000000080021c4                TIM8_UP_TIM13_IRQHandler
                0x00000000080021c4                I2C3_ER_IRQHandler
                0x00000000080021c4                DFSDM1_FLT2_IRQHandler
                0x00000000080021c4                EXTI0_IRQHandler
                0x00000000080021c4                I2C2_EV_IRQHandler
                0x00000000080021c4                DMA1_Stream2_IRQHandler
                0x00000000080021c4                CAN1_RX0_IRQHandler
                0x00000000080021c4                FPU_IRQHandler
                0x00000000080021c4                OTG_HS_WKUP_IRQHandler
                0x00000000080021c4                CAN3_SCE_IRQHandler
                0x00000000080021c4                LTDC_ER_IRQHandler
                0x00000000080021c4                CAN2_SCE_IRQHandler
                0x00000000080021c4                DMA2_Stream2_IRQHandler
                0x00000000080021c4                SPI1_IRQHandler
                0x00000000080021c4                TIM6_DAC_IRQHandler
                0x00000000080021c4                TIM1_BRK_TIM9_IRQHandler
                0x00000000080021c4                DCMI_IRQHandler
                0x00000000080021c4                CAN2_RX0_IRQHandler
                0x00000000080021c4                DMA2_Stream3_IRQHandler
                0x00000000080021c4                SAI2_IRQHandler
                0x00000000080021c4                DFSDM1_FLT3_IRQHandler
                0x00000000080021c4                USART6_IRQHandler
                0x00000000080021c4                CAN3_RX0_IRQHandler
                0x00000000080021c4                USART3_IRQHandler
                0x00000000080021c4                CAN1_RX1_IRQHandler
                0x00000000080021c4                UART5_IRQHandler
                0x00000000080021c4                DMA2_Stream0_IRQHandler
                0x00000000080021c4                TIM4_IRQHandler
                0x00000000080021c4                QUADSPI_IRQHandler
                0x00000000080021c4                I2C1_EV_IRQHandler
                0x00000000080021c4                DMA1_Stream6_IRQHandler
                0x00000000080021c4                DMA1_Stream1_IRQHandler
                0x00000000080021c4                UART4_IRQHandler
                0x00000000080021c4                TIM3_IRQHandler
                0x00000000080021c4                RCC_IRQHandler
                0x00000000080021c4                TIM8_BRK_TIM12_IRQHandler
                0x00000000080021c4                Default_Handler
                0x00000000080021c4                CEC_IRQHandler
                0x00000000080021c4                EXTI15_10_IRQHandler
                0x00000000080021c4                ADC_IRQHandler
                0x00000000080021c4                DMA1_Stream7_IRQHandler
                0x00000000080021c4                SPI5_IRQHandler
                0x00000000080021c4                TIM7_IRQHandler
                0x00000000080021c4                SDMMC1_IRQHandler
                0x00000000080021c4                CAN2_TX_IRQHandler
                0x00000000080021c4                TIM5_IRQHandler
                0x00000000080021c4                DMA2_Stream7_IRQHandler
                0x00000000080021c4                I2C3_EV_IRQHandler
                0x00000000080021c4                EXTI9_5_IRQHandler
                0x00000000080021c4                RTC_WKUP_IRQHandler
                0x00000000080021c4                ETH_WKUP_IRQHandler
                0x00000000080021c4                SPDIF_RX_IRQHandler
                0x00000000080021c4                SPI2_IRQHandler
                0x00000000080021c4                OTG_HS_EP1_IN_IRQHandler
                0x00000000080021c4                DMA1_Stream0_IRQHandler
                0x00000000080021c4                CAN1_TX_IRQHandler
                0x00000000080021c4                EXTI4_IRQHandler
                0x00000000080021c4                RNG_IRQHandler
                0x00000000080021c4                ETH_IRQHandler
                0x00000000080021c4                OTG_HS_EP1_OUT_IRQHandler
                0x00000000080021c4                WWDG_IRQHandler
                0x00000000080021c4                SPI6_IRQHandler
                0x00000000080021c4                MDIOS_IRQHandler
                0x00000000080021c4                I2C4_EV_IRQHandler
                0x00000000080021c4                CAN3_TX_IRQHandler
                0x00000000080021c4                TIM2_IRQHandler
                0x00000000080021c4                OTG_FS_WKUP_IRQHandler
                0x00000000080021c4                TIM1_TRG_COM_TIM11_IRQHandler
                0x00000000080021c4                OTG_HS_IRQHandler
                0x00000000080021c4                EXTI1_IRQHandler
                0x00000000080021c4                SDMMC2_IRQHandler
                0x00000000080021c4                UART7_IRQHandler
                0x00000000080021c4                USART2_IRQHandler
                0x00000000080021c4                DFSDM1_FLT0_IRQHandler
                0x00000000080021c4                I2C2_ER_IRQHandler
                0x00000000080021c4                DMA2_Stream1_IRQHandler
                0x00000000080021c4                CAN1_SCE_IRQHandler
                0x00000000080021c4                FLASH_IRQHandler
                0x00000000080021c4                DMA2_Stream4_IRQHandler
                0x00000000080021c4                USART1_IRQHandler
                0x00000000080021c4                OTG_FS_IRQHandler
                0x00000000080021c4                SPI3_IRQHandler
                0x00000000080021c4                DMA1_Stream4_IRQHandler
                0x00000000080021c4                I2C1_ER_IRQHandler
                0x00000000080021c4                FMC_IRQHandler
                0x00000000080021c4                LPTIM1_IRQHandler
                0x00000000080021c4                I2C4_ER_IRQHandler
                0x00000000080021c4                DMA2_Stream6_IRQHandler
                0x00000000080021c4                SAI1_IRQHandler
                0x00000000080021c4                DMA1_Stream3_IRQHandler
 .text.IS42S32800G_Init
                0x00000000080021c6       0x7e ./Device/stm32-is42s32800g/is42s32800g.o
                0x00000000080021c6                IS42S32800G_Init
 .text.IS42S32800G_ClockEnable
                0x0000000008002244       0x48 ./Device/stm32-is42s32800g/is42s32800g.o
                0x0000000008002244                IS42S32800G_ClockEnable
 .text.IS42S32800G_Precharge
                0x000000000800228c       0x48 ./Device/stm32-is42s32800g/is42s32800g.o
                0x000000000800228c                IS42S32800G_Precharge
 .text.IS42S32800G_ModeRegConfig
                0x00000000080022d4       0x68 ./Device/stm32-is42s32800g/is42s32800g.o
                0x00000000080022d4                IS42S32800G_ModeRegConfig
 .text.IS42S32800G_RefreshMode
                0x000000000800233c       0x4c ./Device/stm32-is42s32800g/is42s32800g.o
                0x000000000800233c                IS42S32800G_RefreshMode
 .text.IS42S32800G_RefreshRate
                0x0000000008002388       0x28 ./Device/stm32-is42s32800g/is42s32800g.o
                0x0000000008002388                IS42S32800G_RefreshRate
 .text.IS42S32800G_Delay
                0x00000000080023b0       0x2a ./Device/stm32-is42s32800g/is42s32800g.o
 .text.MT25QL512ABB_AutoPollingMemReady
                0x00000000080023da       0xd4 ./Device/stm32-mt25ql512abb/mt25ql512abb.o
                0x00000000080023da                MT25QL512ABB_AutoPollingMemReady
 *fill*         0x00000000080024ae        0x2 
 .text.MT25QL512ABB_PageProgram
                0x00000000080024b0      0x180 ./Device/stm32-mt25ql512abb/mt25ql512abb.o
                0x00000000080024b0                MT25QL512ABB_PageProgram
 .text.MT25QL512ABB_BlockErase
                0x0000000008002630       0xe4 ./Device/stm32-mt25ql512abb/mt25ql512abb.o
                0x0000000008002630                MT25QL512ABB_BlockErase
 .text.MT25QL512ABB_EnableMemoryMappedModeSTR
                0x0000000008002714      0x194 ./Device/stm32-mt25ql512abb/mt25ql512abb.o
                0x0000000008002714                MT25QL512ABB_EnableMemoryMappedModeSTR
 .text.MT25QL512ABB_WriteEnable
                0x00000000080028a8       0xf0 ./Device/stm32-mt25ql512abb/mt25ql512abb.o
                0x00000000080028a8                MT25QL512ABB_WriteEnable
 .text.MT25QL512ABB_EnterQPIMode
                0x0000000008002998       0x54 ./Device/stm32-mt25ql512abb/mt25ql512abb.o
                0x0000000008002998                MT25QL512ABB_EnterQPIMode
 .text.MT25QL512ABB_Enter4BytesAddressMode
                0x00000000080029ec       0x70 ./Device/stm32-mt25ql512abb/mt25ql512abb.o
                0x00000000080029ec                MT25QL512ABB_Enter4BytesAddressMode
 .text.MT25QL512ABB_ResetEnable
                0x0000000008002a5c       0x70 ./Device/stm32-mt25ql512abb/mt25ql512abb.o
                0x0000000008002a5c                MT25QL512ABB_ResetEnable
 .text.MT25QL512ABB_ResetMemory
                0x0000000008002acc       0x70 ./Device/stm32-mt25ql512abb/mt25ql512abb.o
                0x0000000008002acc                MT25QL512ABB_ResetMemory
 .text.HAL_Init
                0x0000000008002b3c       0x1a ./Drivers/STM32F7xx_HAL_Driver/Src/stm32f7xx_hal.o
                0x0000000008002b3c                HAL_Init
 *fill*         0x0000000008002b56        0x2 
 .text.HAL_IncTick
                0x0000000008002b58       0x28 ./Drivers/STM32F7xx_HAL_Driver/Src/stm32f7xx_hal.o
                0x0000000008002b58                HAL_IncTick
 .text.HAL_GetTick
                0x0000000008002b80       0x18 ./Drivers/STM32F7xx_HAL_Driver/Src/stm32f7xx_hal.o
                0x0000000008002b80                HAL_GetTick
 .text.HAL_Delay
                0x0000000008002b98       0x48 ./Drivers/STM32F7xx_HAL_Driver/Src/stm32f7xx_hal.o
                0x0000000008002b98                HAL_Delay
 .text.__NVIC_SetPriorityGrouping
                0x0000000008002be0       0x48 ./Drivers/STM32F7xx_HAL_Driver/Src/stm32f7xx_hal_cortex.o
 .text.__NVIC_GetPriorityGrouping
                0x0000000008002c28       0x1c ./Drivers/STM32F7xx_HAL_Driver/Src/stm32f7xx_hal_cortex.o
 .text.__NVIC_EnableIRQ
                0x0000000008002c44       0x3c ./Drivers/STM32F7xx_HAL_Driver/Src/stm32f7xx_hal_cortex.o
 .text.__NVIC_DisableIRQ
                0x0000000008002c80       0x48 ./Drivers/STM32F7xx_HAL_Driver/Src/stm32f7xx_hal_cortex.o
 .text.__NVIC_SetPriority
                0x0000000008002cc8       0x54 ./Drivers/STM32F7xx_HAL_Driver/Src/stm32f7xx_hal_cortex.o
 .text.NVIC_EncodePriority
                0x0000000008002d1c       0x66 ./Drivers/STM32F7xx_HAL_Driver/Src/stm32f7xx_hal_cortex.o
 .text.HAL_NVIC_SetPriorityGrouping
                0x0000000008002d82       0x16 ./Drivers/STM32F7xx_HAL_Driver/Src/stm32f7xx_hal_cortex.o
                0x0000000008002d82                HAL_NVIC_SetPriorityGrouping
 .text.HAL_NVIC_SetPriority
                0x0000000008002d98       0x38 ./Drivers/STM32F7xx_HAL_Driver/Src/stm32f7xx_hal_cortex.o
                0x0000000008002d98                HAL_NVIC_SetPriority
 .text.HAL_NVIC_EnableIRQ
                0x0000000008002dd0       0x1c ./Drivers/STM32F7xx_HAL_Driver/Src/stm32f7xx_hal_cortex.o
                0x0000000008002dd0                HAL_NVIC_EnableIRQ
 .text.HAL_NVIC_DisableIRQ
                0x0000000008002dec       0x1c ./Drivers/STM32F7xx_HAL_Driver/Src/stm32f7xx_hal_cortex.o
                0x0000000008002dec                HAL_NVIC_DisableIRQ
 .text.HAL_DMA_Abort
                0x0000000008002e08       0xe0 ./Drivers/STM32F7xx_HAL_Driver/Src/stm32f7xx_hal_dma.o
                0x0000000008002e08                HAL_DMA_Abort
 .text.HAL_DMA2D_Init
                0x0000000008002ee8       0xb4 ./Drivers/STM32F7xx_HAL_Driver/Src/stm32f7xx_hal_dma2d.o
                0x0000000008002ee8                HAL_DMA2D_Init
 .text.HAL_DMA2D_IRQHandler
                0x0000000008002f9c      0x1f8 ./Drivers/STM32F7xx_HAL_Driver/Src/stm32f7xx_hal_dma2d.o
                0x0000000008002f9c                HAL_DMA2D_IRQHandler
 .text.HAL_DMA2D_LineEventCallback
                0x0000000008003194       0x14 ./Drivers/STM32F7xx_HAL_Driver/Src/stm32f7xx_hal_dma2d.o
                0x0000000008003194                HAL_DMA2D_LineEventCallback
 .text.HAL_DMA2D_CLUTLoadingCpltCallback
                0x00000000080031a8       0x14 ./Drivers/STM32F7xx_HAL_Driver/Src/stm32f7xx_hal_dma2d.o
                0x00000000080031a8                HAL_DMA2D_CLUTLoadingCpltCallback
 .text.HAL_DMA2D_ConfigLayer
                0x00000000080031bc      0x13c ./Drivers/STM32F7xx_HAL_Driver/Src/stm32f7xx_hal_dma2d.o
                0x00000000080031bc                HAL_DMA2D_ConfigLayer
 .text.HAL_GPIO_Init
                0x00000000080032f8      0x358 ./Drivers/STM32F7xx_HAL_Driver/Src/stm32f7xx_hal_gpio.o
                0x00000000080032f8                HAL_GPIO_Init
 .text.HAL_GPIO_WritePin
                0x0000000008003650       0x32 ./Drivers/STM32F7xx_HAL_Driver/Src/stm32f7xx_hal_gpio.o
                0x0000000008003650                HAL_GPIO_WritePin
 .text.HAL_GPIO_TogglePin
                0x0000000008003682       0x34 ./Drivers/STM32F7xx_HAL_Driver/Src/stm32f7xx_hal_gpio.o
                0x0000000008003682                HAL_GPIO_TogglePin
 *fill*         0x00000000080036b6        0x2 
 .text.HAL_I2C_Init
                0x00000000080036b8      0x120 ./Drivers/STM32F7xx_HAL_Driver/Src/stm32f7xx_hal_i2c.o
                0x00000000080036b8                HAL_I2C_Init
 .text.HAL_I2CEx_ConfigAnalogFilter
                0x00000000080037d8       0x96 ./Drivers/STM32F7xx_HAL_Driver/Src/stm32f7xx_hal_i2c_ex.o
                0x00000000080037d8                HAL_I2CEx_ConfigAnalogFilter
 .text.HAL_I2CEx_ConfigDigitalFilter
                0x000000000800386e       0x98 ./Drivers/STM32F7xx_HAL_Driver/Src/stm32f7xx_hal_i2c_ex.o
                0x000000000800386e                HAL_I2CEx_ConfigDigitalFilter
 *fill*         0x0000000008003906        0x2 
 .text.HAL_LTDC_Init
                0x0000000008003908      0x1a0 ./Drivers/STM32F7xx_HAL_Driver/Src/stm32f7xx_hal_ltdc.o
                0x0000000008003908                HAL_LTDC_Init
 .text.HAL_LTDC_IRQHandler
                0x0000000008003aa8      0x148 ./Drivers/STM32F7xx_HAL_Driver/Src/stm32f7xx_hal_ltdc.o
                0x0000000008003aa8                HAL_LTDC_IRQHandler
 .text.HAL_LTDC_ErrorCallback
                0x0000000008003bf0       0x14 ./Drivers/STM32F7xx_HAL_Driver/Src/stm32f7xx_hal_ltdc.o
                0x0000000008003bf0                HAL_LTDC_ErrorCallback
 .text.HAL_LTDC_LineEventCallback
                0x0000000008003c04       0x14 ./Drivers/STM32F7xx_HAL_Driver/Src/stm32f7xx_hal_ltdc.o
                0x0000000008003c04                HAL_LTDC_LineEventCallback
 .text.HAL_LTDC_ReloadEventCallback
                0x0000000008003c18       0x14 ./Drivers/STM32F7xx_HAL_Driver/Src/stm32f7xx_hal_ltdc.o
                0x0000000008003c18                HAL_LTDC_ReloadEventCallback
 .text.HAL_LTDC_ConfigLayer
                0x0000000008003c2c       0x7c ./Drivers/STM32F7xx_HAL_Driver/Src/stm32f7xx_hal_ltdc.o
                0x0000000008003c2c                HAL_LTDC_ConfigLayer
 .text.HAL_LTDC_SetAddress
                0x0000000008003ca8       0x6c ./Drivers/STM32F7xx_HAL_Driver/Src/stm32f7xx_hal_ltdc.o
                0x0000000008003ca8                HAL_LTDC_SetAddress
 .text.LTDC_SetConfig
                0x0000000008003d14      0x334 ./Drivers/STM32F7xx_HAL_Driver/Src/stm32f7xx_hal_ltdc.o
 .text.HAL_PWR_EnableBkUpAccess
                0x0000000008004048       0x20 ./Drivers/STM32F7xx_HAL_Driver/Src/stm32f7xx_hal_pwr.o
                0x0000000008004048                HAL_PWR_EnableBkUpAccess
 .text.HAL_PWREx_EnableOverDrive
                0x0000000008004068       0xa0 ./Drivers/STM32F7xx_HAL_Driver/Src/stm32f7xx_hal_pwr_ex.o
                0x0000000008004068                HAL_PWREx_EnableOverDrive
 .text.HAL_QSPI_Init
                0x0000000008004108       0xf8 ./Drivers/STM32F7xx_HAL_Driver/Src/stm32f7xx_hal_qspi.o
                0x0000000008004108                HAL_QSPI_Init
 .text.HAL_QSPI_Command
                0x0000000008004200       0xbc ./Drivers/STM32F7xx_HAL_Driver/Src/stm32f7xx_hal_qspi.o
                0x0000000008004200                HAL_QSPI_Command
 .text.HAL_QSPI_Transmit
                0x00000000080042bc      0x124 ./Drivers/STM32F7xx_HAL_Driver/Src/stm32f7xx_hal_qspi.o
                0x00000000080042bc                HAL_QSPI_Transmit
 .text.HAL_QSPI_AutoPolling
                0x00000000080043e0       0xee ./Drivers/STM32F7xx_HAL_Driver/Src/stm32f7xx_hal_qspi.o
                0x00000000080043e0                HAL_QSPI_AutoPolling
 .text.HAL_QSPI_MemoryMapped
                0x00000000080044ce       0xc4 ./Drivers/STM32F7xx_HAL_Driver/Src/stm32f7xx_hal_qspi.o
                0x00000000080044ce                HAL_QSPI_MemoryMapped
 .text.HAL_QSPI_Abort
                0x0000000008004592       0xda ./Drivers/STM32F7xx_HAL_Driver/Src/stm32f7xx_hal_qspi.o
                0x0000000008004592                HAL_QSPI_Abort
 .text.HAL_QSPI_SetTimeout
                0x000000000800466c       0x1c ./Drivers/STM32F7xx_HAL_Driver/Src/stm32f7xx_hal_qspi.o
                0x000000000800466c                HAL_QSPI_SetTimeout
 .text.QSPI_WaitFlagStateUntilTimeout
                0x0000000008004688       0x6e ./Drivers/STM32F7xx_HAL_Driver/Src/stm32f7xx_hal_qspi.o
 .text.QSPI_Config
                0x00000000080046f6      0x30c ./Drivers/STM32F7xx_HAL_Driver/Src/stm32f7xx_hal_qspi.o
 *fill*         0x0000000008004a02        0x2 
 .text.HAL_RCC_OscConfig
                0x0000000008004a04      0x55c ./Drivers/STM32F7xx_HAL_Driver/Src/stm32f7xx_hal_rcc.o
                0x0000000008004a04                HAL_RCC_OscConfig
 .text.HAL_RCC_ClockConfig
                0x0000000008004f60      0x1d8 ./Drivers/STM32F7xx_HAL_Driver/Src/stm32f7xx_hal_rcc.o
                0x0000000008004f60                HAL_RCC_ClockConfig
 .text.HAL_RCC_GetSysClockFreq
                0x0000000008005138      0x16c ./Drivers/STM32F7xx_HAL_Driver/Src/stm32f7xx_hal_rcc.o
                0x0000000008005138                HAL_RCC_GetSysClockFreq
 .text.HAL_RCC_GetHCLKFreq
                0x00000000080052a4       0x18 ./Drivers/STM32F7xx_HAL_Driver/Src/stm32f7xx_hal_rcc.o
                0x00000000080052a4                HAL_RCC_GetHCLKFreq
 .text.HAL_RCC_GetPCLK1Freq
                0x00000000080052bc       0x28 ./Drivers/STM32F7xx_HAL_Driver/Src/stm32f7xx_hal_rcc.o
                0x00000000080052bc                HAL_RCC_GetPCLK1Freq
 .text.HAL_RCC_GetClockConfig
                0x00000000080052e4       0x64 ./Drivers/STM32F7xx_HAL_Driver/Src/stm32f7xx_hal_rcc.o
                0x00000000080052e4                HAL_RCC_GetClockConfig
 .text.HAL_RCCEx_PeriphCLKConfig
                0x0000000008005348      0x850 ./Drivers/STM32F7xx_HAL_Driver/Src/stm32f7xx_hal_rcc_ex.o
                0x0000000008005348                HAL_RCCEx_PeriphCLKConfig
 .text.HAL_SDRAM_Init
                0x0000000008005b98       0x68 ./Drivers/STM32F7xx_HAL_Driver/Src/stm32f7xx_hal_sdram.o
                0x0000000008005b98                HAL_SDRAM_Init
 .text.HAL_SDRAM_SendCommand
                0x0000000008005c00       0x56 ./Drivers/STM32F7xx_HAL_Driver/Src/stm32f7xx_hal_sdram.o
                0x0000000008005c00                HAL_SDRAM_SendCommand
 .text.HAL_SDRAM_ProgramRefreshRate
                0x0000000008005c56       0x40 ./Drivers/STM32F7xx_HAL_Driver/Src/stm32f7xx_hal_sdram.o
                0x0000000008005c56                HAL_SDRAM_ProgramRefreshRate
 .text.HAL_TIM_Base_Init
                0x0000000008005c96       0xae ./Drivers/STM32F7xx_HAL_Driver/Src/stm32f7xx_hal_tim.o
                0x0000000008005c96                HAL_TIM_Base_Init
 .text.HAL_TIM_Base_MspInit
                0x0000000008005d44       0x14 ./Drivers/STM32F7xx_HAL_Driver/Src/stm32f7xx_hal_tim.o
                0x0000000008005d44                HAL_TIM_Base_MspInit
 .text.HAL_TIM_Base_Start_IT
                0x0000000008005d58       0xf0 ./Drivers/STM32F7xx_HAL_Driver/Src/stm32f7xx_hal_tim.o
                0x0000000008005d58                HAL_TIM_Base_Start_IT
 .text.HAL_TIM_IRQHandler
                0x0000000008005e48      0x23e ./Drivers/STM32F7xx_HAL_Driver/Src/stm32f7xx_hal_tim.o
                0x0000000008005e48                HAL_TIM_IRQHandler
 .text.HAL_TIM_OC_DelayElapsedCallback
                0x0000000008006086       0x14 ./Drivers/STM32F7xx_HAL_Driver/Src/stm32f7xx_hal_tim.o
                0x0000000008006086                HAL_TIM_OC_DelayElapsedCallback
 .text.HAL_TIM_IC_CaptureCallback
                0x000000000800609a       0x14 ./Drivers/STM32F7xx_HAL_Driver/Src/stm32f7xx_hal_tim.o
                0x000000000800609a                HAL_TIM_IC_CaptureCallback
 .text.HAL_TIM_PWM_PulseFinishedCallback
                0x00000000080060ae       0x14 ./Drivers/STM32F7xx_HAL_Driver/Src/stm32f7xx_hal_tim.o
                0x00000000080060ae                HAL_TIM_PWM_PulseFinishedCallback
 .text.HAL_TIM_TriggerCallback
                0x00000000080060c2       0x14 ./Drivers/STM32F7xx_HAL_Driver/Src/stm32f7xx_hal_tim.o
                0x00000000080060c2                HAL_TIM_TriggerCallback
 *fill*         0x00000000080060d6        0x2 
 .text.TIM_Base_SetConfig
                0x00000000080060d8      0x140 ./Drivers/STM32F7xx_HAL_Driver/Src/stm32f7xx_hal_tim.o
                0x00000000080060d8                TIM_Base_SetConfig
 .text.HAL_TIMEx_CommutCallback
                0x0000000008006218       0x14 ./Drivers/STM32F7xx_HAL_Driver/Src/stm32f7xx_hal_tim_ex.o
                0x0000000008006218                HAL_TIMEx_CommutCallback
 .text.HAL_TIMEx_BreakCallback
                0x000000000800622c       0x14 ./Drivers/STM32F7xx_HAL_Driver/Src/stm32f7xx_hal_tim_ex.o
                0x000000000800622c                HAL_TIMEx_BreakCallback
 .text.HAL_TIMEx_Break2Callback
                0x0000000008006240       0x14 ./Drivers/STM32F7xx_HAL_Driver/Src/stm32f7xx_hal_tim_ex.o
                0x0000000008006240                HAL_TIMEx_Break2Callback
 .text.FMC_SDRAM_Init
                0x0000000008006254       0xe4 ./Drivers/STM32F7xx_HAL_Driver/Src/stm32f7xx_ll_fmc.o
                0x0000000008006254                FMC_SDRAM_Init
 .text.FMC_SDRAM_Timing_Init
                0x0000000008006338      0x100 ./Drivers/STM32F7xx_HAL_Driver/Src/stm32f7xx_ll_fmc.o
                0x0000000008006338                FMC_SDRAM_Timing_Init
 .text.FMC_SDRAM_SendCommand
                0x0000000008006438       0x48 ./Drivers/STM32F7xx_HAL_Driver/Src/stm32f7xx_ll_fmc.o
                0x0000000008006438                FMC_SDRAM_SendCommand
 .text.FMC_SDRAM_ProgramRefreshRate
                0x0000000008006480       0x26 ./Drivers/STM32F7xx_HAL_Driver/Src/stm32f7xx_ll_fmc.o
                0x0000000008006480                FMC_SDRAM_ProgramRefreshRate
 .text.makeFreeRtosPriority
                0x00000000080064a6       0x30 ./Middlewares/Third_Party/FreeRTOS/Source/CMSIS_RTOS/cmsis_os.o
 .text.inHandlerMode
                0x00000000080064d6       0x24 ./Middlewares/Third_Party/FreeRTOS/Source/CMSIS_RTOS/cmsis_os.o
 .text.osKernelStart
                0x00000000080064fa        0xe ./Middlewares/Third_Party/FreeRTOS/Source/CMSIS_RTOS/cmsis_os.o
                0x00000000080064fa                osKernelStart
 .text.osThreadCreate
                0x0000000008006508       0x98 ./Middlewares/Third_Party/FreeRTOS/Source/CMSIS_RTOS/cmsis_os.o
                0x0000000008006508                osThreadCreate
 .text.osThreadTerminate
                0x00000000080065a0       0x18 ./Middlewares/Third_Party/FreeRTOS/Source/CMSIS_RTOS/cmsis_os.o
                0x00000000080065a0                osThreadTerminate
 .text.osThreadYield
                0x00000000080065b8       0x24 ./Middlewares/Third_Party/FreeRTOS/Source/CMSIS_RTOS/cmsis_os.o
                0x00000000080065b8                osThreadYield
 .text.osDelay  0x00000000080065dc       0x28 ./Middlewares/Third_Party/FreeRTOS/Source/CMSIS_RTOS/cmsis_os.o
                0x00000000080065dc                osDelay
 .text.osMutexCreate
                0x0000000008006604       0x30 ./Middlewares/Third_Party/FreeRTOS/Source/CMSIS_RTOS/cmsis_os.o
                0x0000000008006604                osMutexCreate
 .text.osMutexWait
                0x0000000008006634       0x9c ./Middlewares/Third_Party/FreeRTOS/Source/CMSIS_RTOS/cmsis_os.o
                0x0000000008006634                osMutexWait
 .text.osMutexRelease
                0x00000000080066d0       0x6c ./Middlewares/Third_Party/FreeRTOS/Source/CMSIS_RTOS/cmsis_os.o
                0x00000000080066d0                osMutexRelease
 .text.vListInitialise
                0x000000000800673c       0x40 ./Middlewares/Third_Party/FreeRTOS/Source/list.o
                0x000000000800673c                vListInitialise
 .text.vListInitialiseItem
                0x000000000800677c       0x1a ./Middlewares/Third_Party/FreeRTOS/Source/list.o
                0x000000000800677c                vListInitialiseItem
 .text.vListInsertEnd
                0x0000000008006796       0x48 ./Middlewares/Third_Party/FreeRTOS/Source/list.o
                0x0000000008006796                vListInsertEnd
 .text.vListInsert
                0x00000000080067de       0x72 ./Middlewares/Third_Party/FreeRTOS/Source/list.o
                0x00000000080067de                vListInsert
 .text.uxListRemove
                0x0000000008006850       0x54 ./Middlewares/Third_Party/FreeRTOS/Source/list.o
                0x0000000008006850                uxListRemove
 .text.xQueueGenericReset
                0x00000000080068a4       0xd4 ./Middlewares/Third_Party/FreeRTOS/Source/queue.o
                0x00000000080068a4                xQueueGenericReset
 .text.xQueueGenericCreateStatic
                0x0000000008006978      0x104 ./Middlewares/Third_Party/FreeRTOS/Source/queue.o
                0x0000000008006978                xQueueGenericCreateStatic
 .text.xQueueGenericCreate
                0x0000000008006a7c       0x84 ./Middlewares/Third_Party/FreeRTOS/Source/queue.o
                0x0000000008006a7c                xQueueGenericCreate
 .text.prvInitialiseNewQueue
                0x0000000008006b00       0x46 ./Middlewares/Third_Party/FreeRTOS/Source/queue.o
 .text.prvInitialiseMutex
                0x0000000008006b46       0x34 ./Middlewares/Third_Party/FreeRTOS/Source/queue.o
 .text.xQueueCreateMutex
                0x0000000008006b7a       0x30 ./Middlewares/Third_Party/FreeRTOS/Source/queue.o
                0x0000000008006b7a                xQueueCreateMutex
 .text.xQueueCreateMutexStatic
                0x0000000008006baa       0x36 ./Middlewares/Third_Party/FreeRTOS/Source/queue.o
                0x0000000008006baa                xQueueCreateMutexStatic
 .text.xQueueGenericSend
                0x0000000008006be0      0x20c ./Middlewares/Third_Party/FreeRTOS/Source/queue.o
                0x0000000008006be0                xQueueGenericSend
 .text.xQueueGiveFromISR
                0x0000000008006dec      0x12a ./Middlewares/Third_Party/FreeRTOS/Source/queue.o
                0x0000000008006dec                xQueueGiveFromISR
 *fill*         0x0000000008006f16        0x2 
 .text.xQueueSemaphoreTake
                0x0000000008006f18      0x228 ./Middlewares/Third_Party/FreeRTOS/Source/queue.o
                0x0000000008006f18                xQueueSemaphoreTake
 .text.xQueueReceiveFromISR
                0x0000000008007140      0x10c ./Middlewares/Third_Party/FreeRTOS/Source/queue.o
                0x0000000008007140                xQueueReceiveFromISR
 .text.prvGetDisinheritPriorityAfterTimeout
                0x000000000800724c       0x30 ./Middlewares/Third_Party/FreeRTOS/Source/queue.o
 .text.prvCopyDataToQueue
                0x000000000800727c       0xd4 ./Middlewares/Third_Party/FreeRTOS/Source/queue.o
 .text.prvCopyDataFromQueue
                0x0000000008007350       0x4c ./Middlewares/Third_Party/FreeRTOS/Source/queue.o
 .text.prvUnlockQueue
                0x000000000800739c       0xa4 ./Middlewares/Third_Party/FreeRTOS/Source/queue.o
 .text.prvIsQueueEmpty
                0x0000000008007440       0x2c ./Middlewares/Third_Party/FreeRTOS/Source/queue.o
 .text.prvIsQueueFull
                0x000000000800746c       0x30 ./Middlewares/Third_Party/FreeRTOS/Source/queue.o
 .text.xTaskCreateStatic
                0x000000000800749c       0xc6 ./Middlewares/Third_Party/FreeRTOS/Source/tasks.o
                0x000000000800749c                xTaskCreateStatic
 .text.xTaskCreate
                0x0000000008007562       0x8a ./Middlewares/Third_Party/FreeRTOS/Source/tasks.o
                0x0000000008007562                xTaskCreate
 .text.prvInitialiseNewTask
                0x00000000080075ec      0x158 ./Middlewares/Third_Party/FreeRTOS/Source/tasks.o
 .text.prvAddNewTaskToReadyList
                0x0000000008007744       0xdc ./Middlewares/Third_Party/FreeRTOS/Source/tasks.o
 .text.vTaskDelete
                0x0000000008007820      0x124 ./Middlewares/Third_Party/FreeRTOS/Source/tasks.o
                0x0000000008007820                vTaskDelete
 .text.vTaskDelay
                0x0000000008007944       0x6c ./Middlewares/Third_Party/FreeRTOS/Source/tasks.o
                0x0000000008007944                vTaskDelay
 .text.vTaskStartScheduler
                0x00000000080079b0       0xe0 ./Middlewares/Third_Party/FreeRTOS/Source/tasks.o
                0x00000000080079b0                vTaskStartScheduler
 .text.vTaskSuspendAll
                0x0000000008007a90       0x1c ./Middlewares/Third_Party/FreeRTOS/Source/tasks.o
                0x0000000008007a90                vTaskSuspendAll
 .text.xTaskResumeAll
                0x0000000008007aac      0x13c ./Middlewares/Third_Party/FreeRTOS/Source/tasks.o
                0x0000000008007aac                xTaskResumeAll
 .text.xTaskIncrementTick
                0x0000000008007be8      0x174 ./Middlewares/Third_Party/FreeRTOS/Source/tasks.o
                0x0000000008007be8                xTaskIncrementTick
 .text.vTaskSwitchContext
                0x0000000008007d5c      0x100 ./Middlewares/Third_Party/FreeRTOS/Source/tasks.o
                0x0000000008007d5c                vTaskSwitchContext
 .text.vTaskPlaceOnEventList
                0x0000000008007e5c       0x4c ./Middlewares/Third_Party/FreeRTOS/Source/tasks.o
                0x0000000008007e5c                vTaskPlaceOnEventList
 .text.xTaskRemoveFromEventList
                0x0000000008007ea8       0xc8 ./Middlewares/Third_Party/FreeRTOS/Source/tasks.o
                0x0000000008007ea8                xTaskRemoveFromEventList
 .text.vTaskInternalSetTimeOutState
                0x0000000008007f70       0x2c ./Middlewares/Third_Party/FreeRTOS/Source/tasks.o
                0x0000000008007f70                vTaskInternalSetTimeOutState
 .text.xTaskCheckForTimeOut
                0x0000000008007f9c       0xcc ./Middlewares/Third_Party/FreeRTOS/Source/tasks.o
                0x0000000008007f9c                xTaskCheckForTimeOut
 .text.vTaskMissedYield
                0x0000000008008068       0x18 ./Middlewares/Third_Party/FreeRTOS/Source/tasks.o
                0x0000000008008068                vTaskMissedYield
 .text.prvIdleTask
                0x0000000008008080       0x30 ./Middlewares/Third_Party/FreeRTOS/Source/tasks.o
 .text.prvInitialiseTaskLists
                0x00000000080080b0       0x80 ./Middlewares/Third_Party/FreeRTOS/Source/tasks.o
 .text.prvCheckTasksWaitingTermination
                0x0000000008008130       0x5c ./Middlewares/Third_Party/FreeRTOS/Source/tasks.o
 .text.prvDeleteTCB
                0x000000000800818c       0x6c ./Middlewares/Third_Party/FreeRTOS/Source/tasks.o
 .text.prvResetNextTaskUnblockTime
                0x00000000080081f8       0x40 ./Middlewares/Third_Party/FreeRTOS/Source/tasks.o
 .text.xTaskGetSchedulerState
                0x0000000008008238       0x3c ./Middlewares/Third_Party/FreeRTOS/Source/tasks.o
                0x0000000008008238                xTaskGetSchedulerState
 .text.xTaskPriorityInherit
                0x0000000008008274      0x100 ./Middlewares/Third_Party/FreeRTOS/Source/tasks.o
                0x0000000008008274                xTaskPriorityInherit
 .text.xTaskPriorityDisinherit
                0x0000000008008374      0x114 ./Middlewares/Third_Party/FreeRTOS/Source/tasks.o
                0x0000000008008374                xTaskPriorityDisinherit
 .text.vTaskPriorityDisinheritAfterTimeout
                0x0000000008008488      0x13c ./Middlewares/Third_Party/FreeRTOS/Source/tasks.o
                0x0000000008008488                vTaskPriorityDisinheritAfterTimeout
 .text.pvTaskIncrementMutexHeldCount
                0x00000000080085c4       0x28 ./Middlewares/Third_Party/FreeRTOS/Source/tasks.o
                0x00000000080085c4                pvTaskIncrementMutexHeldCount
 .text.prvAddCurrentTaskToDelayedList
                0x00000000080085ec       0xcc ./Middlewares/Third_Party/FreeRTOS/Source/tasks.o
 .text.pxPortInitialiseStack
                0x00000000080086b8       0x68 ./Middlewares/Third_Party/FreeRTOS/Source/portable/GCC/ARM_CM7/r0p1/port.o
                0x00000000080086b8                pxPortInitialiseStack
 .text.prvTaskExitError
                0x0000000008008720       0x60 ./Middlewares/Third_Party/FreeRTOS/Source/portable/GCC/ARM_CM7/r0p1/port.o
 .text.SVC_Handler
                0x0000000008008780       0x28 ./Middlewares/Third_Party/FreeRTOS/Source/portable/GCC/ARM_CM7/r0p1/port.o
                0x0000000008008780                SVC_Handler
 .text.prvPortStartFirstTask
                0x00000000080087a8       0x28 ./Middlewares/Third_Party/FreeRTOS/Source/portable/GCC/ARM_CM7/r0p1/port.o
 .text.xPortStartScheduler
                0x00000000080087d0       0xfc ./Middlewares/Third_Party/FreeRTOS/Source/portable/GCC/ARM_CM7/r0p1/port.o
                0x00000000080087d0                xPortStartScheduler
 .text.vPortEnterCritical
                0x00000000080088cc       0x68 ./Middlewares/Third_Party/FreeRTOS/Source/portable/GCC/ARM_CM7/r0p1/port.o
                0x00000000080088cc                vPortEnterCritical
 .text.vPortExitCritical
                0x0000000008008934       0x58 ./Middlewares/Third_Party/FreeRTOS/Source/portable/GCC/ARM_CM7/r0p1/port.o
                0x0000000008008934                vPortExitCritical
 *fill*         0x000000000800898c        0x4 
 .text.PendSV_Handler
                0x0000000008008990       0x68 ./Middlewares/Third_Party/FreeRTOS/Source/portable/GCC/ARM_CM7/r0p1/port.o
                0x0000000008008990                PendSV_Handler
 .text.SysTick_Handler
                0x00000000080089f8       0x48 ./Middlewares/Third_Party/FreeRTOS/Source/portable/GCC/ARM_CM7/r0p1/port.o
                0x00000000080089f8                SysTick_Handler
 .text.vPortSetupTimerInterrupt
                0x0000000008008a40       0x48 ./Middlewares/Third_Party/FreeRTOS/Source/portable/GCC/ARM_CM7/r0p1/port.o
                0x0000000008008a40                vPortSetupTimerInterrupt
 .text.vPortEnableVFP
                0x0000000008008a88       0x14 ./Middlewares/Third_Party/FreeRTOS/Source/portable/GCC/ARM_CM7/r0p1/port.o
 .text.vPortValidateInterruptPriority
                0x0000000008008a9c       0x88 ./Middlewares/Third_Party/FreeRTOS/Source/portable/GCC/ARM_CM7/r0p1/port.o
                0x0000000008008a9c                vPortValidateInterruptPriority
 .text.pvPortMalloc
                0x0000000008008b24      0x194 ./Middlewares/Third_Party/FreeRTOS/Source/portable/MemMang/heap_4.o
                0x0000000008008b24                pvPortMalloc
 .text.vPortFree
                0x0000000008008cb8       0xbc ./Middlewares/Third_Party/FreeRTOS/Source/portable/MemMang/heap_4.o
                0x0000000008008cb8                vPortFree
 .text.prvHeapInit
                0x0000000008008d74       0xc4 ./Middlewares/Third_Party/FreeRTOS/Source/portable/MemMang/heap_4.o
 .text.prvInsertBlockIntoFreeList
                0x0000000008008e38       0xb4 ./Middlewares/Third_Party/FreeRTOS/Source/portable/MemMang/heap_4.o
 .text.__errno  0x0000000008008eec        0xc c:/st/stm32cubeide/stm32cubeide/plugins/com.st.stm32cube.ide.mcu.externaltools.gnu-tools-for-stm32.9-2020-q2-update.win32_2.0.0.202105311346/tools/bin/../lib/gcc/arm-none-eabi/9.3.1/../../../../arm-none-eabi/lib/thumb/v7e-m+dp/hard\libc_nano.a(lib_a-errno.o)
                0x0000000008008eec                __errno
 .text.std      0x0000000008008ef8       0x48 c:/st/stm32cubeide/stm32cubeide/plugins/com.st.stm32cube.ide.mcu.externaltools.gnu-tools-for-stm32.9-2020-q2-update.win32_2.0.0.202105311346/tools/bin/../lib/gcc/arm-none-eabi/9.3.1/../../../../arm-none-eabi/lib/thumb/v7e-m+dp/hard\libc_nano.a(lib_a-findfp.o)
 .text._cleanup_r
                0x0000000008008f40        0xc c:/st/stm32cubeide/stm32cubeide/plugins/com.st.stm32cube.ide.mcu.externaltools.gnu-tools-for-stm32.9-2020-q2-update.win32_2.0.0.202105311346/tools/bin/../lib/gcc/arm-none-eabi/9.3.1/../../../../arm-none-eabi/lib/thumb/v7e-m+dp/hard\libc_nano.a(lib_a-findfp.o)
                0x0000000008008f40                _cleanup_r
 .text.__sfmoreglue
                0x0000000008008f4c       0x2c c:/st/stm32cubeide/stm32cubeide/plugins/com.st.stm32cube.ide.mcu.externaltools.gnu-tools-for-stm32.9-2020-q2-update.win32_2.0.0.202105311346/tools/bin/../lib/gcc/arm-none-eabi/9.3.1/../../../../arm-none-eabi/lib/thumb/v7e-m+dp/hard\libc_nano.a(lib_a-findfp.o)
                0x0000000008008f4c                __sfmoreglue
 .text.__sfp_lock_acquire
                0x0000000008008f78        0xc c:/st/stm32cubeide/stm32cubeide/plugins/com.st.stm32cube.ide.mcu.externaltools.gnu-tools-for-stm32.9-2020-q2-update.win32_2.0.0.202105311346/tools/bin/../lib/gcc/arm-none-eabi/9.3.1/../../../../arm-none-eabi/lib/thumb/v7e-m+dp/hard\libc_nano.a(lib_a-findfp.o)
                0x0000000008008f78                __sfp_lock_acquire
 .text.__sfp_lock_release
                0x0000000008008f84        0xc c:/st/stm32cubeide/stm32cubeide/plugins/com.st.stm32cube.ide.mcu.externaltools.gnu-tools-for-stm32.9-2020-q2-update.win32_2.0.0.202105311346/tools/bin/../lib/gcc/arm-none-eabi/9.3.1/../../../../arm-none-eabi/lib/thumb/v7e-m+dp/hard\libc_nano.a(lib_a-findfp.o)
                0x0000000008008f84                __sfp_lock_release
 .text.__sinit_lock_acquire
                0x0000000008008f90        0xc c:/st/stm32cubeide/stm32cubeide/plugins/com.st.stm32cube.ide.mcu.externaltools.gnu-tools-for-stm32.9-2020-q2-update.win32_2.0.0.202105311346/tools/bin/../lib/gcc/arm-none-eabi/9.3.1/../../../../arm-none-eabi/lib/thumb/v7e-m+dp/hard\libc_nano.a(lib_a-findfp.o)
                0x0000000008008f90                __sinit_lock_acquire
 .text.__sinit_lock_release
                0x0000000008008f9c        0xc c:/st/stm32cubeide/stm32cubeide/plugins/com.st.stm32cube.ide.mcu.externaltools.gnu-tools-for-stm32.9-2020-q2-update.win32_2.0.0.202105311346/tools/bin/../lib/gcc/arm-none-eabi/9.3.1/../../../../arm-none-eabi/lib/thumb/v7e-m+dp/hard\libc_nano.a(lib_a-findfp.o)
                0x0000000008008f9c                __sinit_lock_release
 .text.__sinit  0x0000000008008fa8       0x70 c:/st/stm32cubeide/stm32cubeide/plugins/com.st.stm32cube.ide.mcu.externaltools.gnu-tools-for-stm32.9-2020-q2-update.win32_2.0.0.202105311346/tools/bin/../lib/gcc/arm-none-eabi/9.3.1/../../../../arm-none-eabi/lib/thumb/v7e-m+dp/hard\libc_nano.a(lib_a-findfp.o)
                0x0000000008008fa8                __sinit
 .text.__sfp    0x0000000008009018       0x8c c:/st/stm32cubeide/stm32cubeide/plugins/com.st.stm32cube.ide.mcu.externaltools.gnu-tools-for-stm32.9-2020-q2-update.win32_2.0.0.202105311346/tools/bin/../lib/gcc/arm-none-eabi/9.3.1/../../../../arm-none-eabi/lib/thumb/v7e-m+dp/hard\libc_nano.a(lib_a-findfp.o)
                0x0000000008009018                __sfp
 .text._fwalk_reent
                0x00000000080090a4       0x3e c:/st/stm32cubeide/stm32cubeide/plugins/com.st.stm32cube.ide.mcu.externaltools.gnu-tools-for-stm32.9-2020-q2-update.win32_2.0.0.202105311346/tools/bin/../lib/gcc/arm-none-eabi/9.3.1/../../../../arm-none-eabi/lib/thumb/v7e-m+dp/hard\libc_nano.a(lib_a-fwalk.o)
                0x00000000080090a4                _fwalk_reent
 *fill*         0x00000000080090e2        0x2 
 .text.__libc_init_array
                0x00000000080090e4       0x48 c:/st/stm32cubeide/stm32cubeide/plugins/com.st.stm32cube.ide.mcu.externaltools.gnu-tools-for-stm32.9-2020-q2-update.win32_2.0.0.202105311346/tools/bin/../lib/gcc/arm-none-eabi/9.3.1/../../../../arm-none-eabi/lib/thumb/v7e-m+dp/hard\libc_nano.a(lib_a-init.o)
                0x00000000080090e4                __libc_init_array
 .text.__retarget_lock_init_recursive
                0x000000000800912c        0x2 c:/st/stm32cubeide/stm32cubeide/plugins/com.st.stm32cube.ide.mcu.externaltools.gnu-tools-for-stm32.9-2020-q2-update.win32_2.0.0.202105311346/tools/bin/../lib/gcc/arm-none-eabi/9.3.1/../../../../arm-none-eabi/lib/thumb/v7e-m+dp/hard\libc_nano.a(lib_a-lock.o)
                0x000000000800912c                __retarget_lock_init_recursive
 .text.__retarget_lock_acquire_recursive
                0x000000000800912e        0x2 c:/st/stm32cubeide/stm32cubeide/plugins/com.st.stm32cube.ide.mcu.externaltools.gnu-tools-for-stm32.9-2020-q2-update.win32_2.0.0.202105311346/tools/bin/../lib/gcc/arm-none-eabi/9.3.1/../../../../arm-none-eabi/lib/thumb/v7e-m+dp/hard\libc_nano.a(lib_a-lock.o)
                0x000000000800912e                __retarget_lock_acquire_recursive
 .text.__retarget_lock_release_recursive
                0x0000000008009130        0x2 c:/st/stm32cubeide/stm32cubeide/plugins/com.st.stm32cube.ide.mcu.externaltools.gnu-tools-for-stm32.9-2020-q2-update.win32_2.0.0.202105311346/tools/bin/../lib/gcc/arm-none-eabi/9.3.1/../../../../arm-none-eabi/lib/thumb/v7e-m+dp/hard\libc_nano.a(lib_a-lock.o)
                0x0000000008009130                __retarget_lock_release_recursive
 *fill*         0x0000000008009132        0x2 
 .text.malloc   0x0000000008009134       0x10 c:/st/stm32cubeide/stm32cubeide/plugins/com.st.stm32cube.ide.mcu.externaltools.gnu-tools-for-stm32.9-2020-q2-update.win32_2.0.0.202105311346/tools/bin/../lib/gcc/arm-none-eabi/9.3.1/../../../../arm-none-eabi/lib/thumb/v7e-m+dp/hard\libc_nano.a(lib_a-malloc.o)
                0x0000000008009134                malloc
 .text.free     0x0000000008009144       0x10 c:/st/stm32cubeide/stm32cubeide/plugins/com.st.stm32cube.ide.mcu.externaltools.gnu-tools-for-stm32.9-2020-q2-update.win32_2.0.0.202105311346/tools/bin/../lib/gcc/arm-none-eabi/9.3.1/../../../../arm-none-eabi/lib/thumb/v7e-m+dp/hard\libc_nano.a(lib_a-malloc.o)
                0x0000000008009144                free
 .text.memcmp   0x0000000008009154       0x1c c:/st/stm32cubeide/stm32cubeide/plugins/com.st.stm32cube.ide.mcu.externaltools.gnu-tools-for-stm32.9-2020-q2-update.win32_2.0.0.202105311346/tools/bin/../lib/gcc/arm-none-eabi/9.3.1/../../../../arm-none-eabi/lib/thumb/v7e-m+dp/hard\libc_nano.a(lib_a-memcmp.o)
                0x0000000008009154                memcmp
 .text.memcpy   0x0000000008009170       0x1c c:/st/stm32cubeide/stm32cubeide/plugins/com.st.stm32cube.ide.mcu.externaltools.gnu-tools-for-stm32.9-2020-q2-update.win32_2.0.0.202105311346/tools/bin/../lib/gcc/arm-none-eabi/9.3.1/../../../../arm-none-eabi/lib/thumb/v7e-m+dp/hard\libc_nano.a(lib_a-memcpy-stub.o)
                0x0000000008009170                memcpy
 .text.memset   0x000000000800918c       0x10 c:/st/stm32cubeide/stm32cubeide/plugins/com.st.stm32cube.ide.mcu.externaltools.gnu-tools-for-stm32.9-2020-q2-update.win32_2.0.0.202105311346/tools/bin/../lib/gcc/arm-none-eabi/9.3.1/../../../../arm-none-eabi/lib/thumb/v7e-m+dp/hard\libc_nano.a(lib_a-memset.o)
                0x000000000800918c                memset
 .text._free_r  0x000000000800919c       0xa0 c:/st/stm32cubeide/stm32cubeide/plugins/com.st.stm32cube.ide.mcu.externaltools.gnu-tools-for-stm32.9-2020-q2-update.win32_2.0.0.202105311346/tools/bin/../lib/gcc/arm-none-eabi/9.3.1/../../../../arm-none-eabi/lib/thumb/v7e-m+dp/hard\libc_nano.a(lib_a-nano-freer.o)
                0x000000000800919c                _free_r
 .text._malloc_r
                0x000000000800923c       0xb4 c:/st/stm32cubeide/stm32cubeide/plugins/com.st.stm32cube.ide.mcu.externaltools.gnu-tools-for-stm32.9-2020-q2-update.win32_2.0.0.202105311346/tools/bin/../lib/gcc/arm-none-eabi/9.3.1/../../../../arm-none-eabi/lib/thumb/v7e-m+dp/hard\libc_nano.a(lib_a-nano-mallocr.o)
                0x000000000800923c                _malloc_r
 .text.__cvt    0x00000000080092f0       0xa4 c:/st/stm32cubeide/stm32cubeide/plugins/com.st.stm32cube.ide.mcu.externaltools.gnu-tools-for-stm32.9-2020-q2-update.win32_2.0.0.202105311346/tools/bin/../lib/gcc/arm-none-eabi/9.3.1/../../../../arm-none-eabi/lib/thumb/v7e-m+dp/hard\libc_nano.a(lib_a-nano-vfprintf_float.o)
                0x00000000080092f0                __cvt
 .text.__exponent
                0x0000000008009394       0x7c c:/st/stm32cubeide/stm32cubeide/plugins/com.st.stm32cube.ide.mcu.externaltools.gnu-tools-for-stm32.9-2020-q2-update.win32_2.0.0.202105311346/tools/bin/../lib/gcc/arm-none-eabi/9.3.1/../../../../arm-none-eabi/lib/thumb/v7e-m+dp/hard\libc_nano.a(lib_a-nano-vfprintf_float.o)
                0x0000000008009394                __exponent
 .text._printf_float
                0x0000000008009410      0x43c c:/st/stm32cubeide/stm32cubeide/plugins/com.st.stm32cube.ide.mcu.externaltools.gnu-tools-for-stm32.9-2020-q2-update.win32_2.0.0.202105311346/tools/bin/../lib/gcc/arm-none-eabi/9.3.1/../../../../arm-none-eabi/lib/thumb/v7e-m+dp/hard\libc_nano.a(lib_a-nano-vfprintf_float.o)
                0x0000000008009410                _printf_float
 .text._printf_common
                0x000000000800984c       0xda c:/st/stm32cubeide/stm32cubeide/plugins/com.st.stm32cube.ide.mcu.externaltools.gnu-tools-for-stm32.9-2020-q2-update.win32_2.0.0.202105311346/tools/bin/../lib/gcc/arm-none-eabi/9.3.1/../../../../arm-none-eabi/lib/thumb/v7e-m+dp/hard\libc_nano.a(lib_a-nano-vfprintf_i.o)
                0x000000000800984c                _printf_common
 *fill*         0x0000000008009926        0x2 
 .text._printf_i
                0x0000000008009928      0x24c c:/st/stm32cubeide/stm32cubeide/plugins/com.st.stm32cube.ide.mcu.externaltools.gnu-tools-for-stm32.9-2020-q2-update.win32_2.0.0.202105311346/tools/bin/../lib/gcc/arm-none-eabi/9.3.1/../../../../arm-none-eabi/lib/thumb/v7e-m+dp/hard\libc_nano.a(lib_a-nano-vfprintf_i.o)
                0x0000000008009928                _printf_i
 .text.printf   0x0000000008009b74       0x30 c:/st/stm32cubeide/stm32cubeide/plugins/com.st.stm32cube.ide.mcu.externaltools.gnu-tools-for-stm32.9-2020-q2-update.win32_2.0.0.202105311346/tools/bin/../lib/gcc/arm-none-eabi/9.3.1/../../../../arm-none-eabi/lib/thumb/v7e-m+dp/hard\libc_nano.a(lib_a-printf.o)
                0x0000000008009b74                iprintf
                0x0000000008009b74                printf
 .text._puts_r  0x0000000008009ba4       0xdc c:/st/stm32cubeide/stm32cubeide/plugins/com.st.stm32cube.ide.mcu.externaltools.gnu-tools-for-stm32.9-2020-q2-update.win32_2.0.0.202105311346/tools/bin/../lib/gcc/arm-none-eabi/9.3.1/../../../../arm-none-eabi/lib/thumb/v7e-m+dp/hard\libc_nano.a(lib_a-puts.o)
                0x0000000008009ba4                _puts_r
 .text.puts     0x0000000008009c80       0x10 c:/st/stm32cubeide/stm32cubeide/plugins/com.st.stm32cube.ide.mcu.externaltools.gnu-tools-for-stm32.9-2020-q2-update.win32_2.0.0.202105311346/tools/bin/../lib/gcc/arm-none-eabi/9.3.1/../../../../arm-none-eabi/lib/thumb/v7e-m+dp/hard\libc_nano.a(lib_a-puts.o)
                0x0000000008009c80                puts
 .text.cleanup_glue
                0x0000000008009c90       0x1a c:/st/stm32cubeide/stm32cubeide/plugins/com.st.stm32cube.ide.mcu.externaltools.gnu-tools-for-stm32.9-2020-q2-update.win32_2.0.0.202105311346/tools/bin/../lib/gcc/arm-none-eabi/9.3.1/../../../../arm-none-eabi/lib/thumb/v7e-m+dp/hard\libc_nano.a(lib_a-reent.o)
                0x0000000008009c90                cleanup_glue
 *fill*         0x0000000008009caa        0x2 
 .text._reclaim_reent
                0x0000000008009cac       0xb8 c:/st/stm32cubeide/stm32cubeide/plugins/com.st.stm32cube.ide.mcu.externaltools.gnu-tools-for-stm32.9-2020-q2-update.win32_2.0.0.202105311346/tools/bin/../lib/gcc/arm-none-eabi/9.3.1/../../../../arm-none-eabi/lib/thumb/v7e-m+dp/hard\libc_nano.a(lib_a-reent.o)
                0x0000000008009cac                _reclaim_reent
 .text._sbrk_r  0x0000000008009d64       0x20 c:/st/stm32cubeide/stm32cubeide/plugins/com.st.stm32cube.ide.mcu.externaltools.gnu-tools-for-stm32.9-2020-q2-update.win32_2.0.0.202105311346/tools/bin/../lib/gcc/arm-none-eabi/9.3.1/../../../../arm-none-eabi/lib/thumb/v7e-m+dp/hard\libc_nano.a(lib_a-sbrkr.o)
                0x0000000008009d64                _sbrk_r
 .text.__sread  0x0000000008009d84       0x22 c:/st/stm32cubeide/stm32cubeide/plugins/com.st.stm32cube.ide.mcu.externaltools.gnu-tools-for-stm32.9-2020-q2-update.win32_2.0.0.202105311346/tools/bin/../lib/gcc/arm-none-eabi/9.3.1/../../../../arm-none-eabi/lib/thumb/v7e-m+dp/hard\libc_nano.a(lib_a-stdio.o)
                0x0000000008009d84                __sread
 .text.__swrite
                0x0000000008009da6       0x38 c:/st/stm32cubeide/stm32cubeide/plugins/com.st.stm32cube.ide.mcu.externaltools.gnu-tools-for-stm32.9-2020-q2-update.win32_2.0.0.202105311346/tools/bin/../lib/gcc/arm-none-eabi/9.3.1/../../../../arm-none-eabi/lib/thumb/v7e-m+dp/hard\libc_nano.a(lib_a-stdio.o)
                0x0000000008009da6                __swrite
 .text.__sseek  0x0000000008009dde       0x24 c:/st/stm32cubeide/stm32cubeide/plugins/com.st.stm32cube.ide.mcu.externaltools.gnu-tools-for-stm32.9-2020-q2-update.win32_2.0.0.202105311346/tools/bin/../lib/gcc/arm-none-eabi/9.3.1/../../../../arm-none-eabi/lib/thumb/v7e-m+dp/hard\libc_nano.a(lib_a-stdio.o)
                0x0000000008009dde                __sseek
 .text.__sclose
                0x0000000008009e02        0x8 c:/st/stm32cubeide/stm32cubeide/plugins/com.st.stm32cube.ide.mcu.externaltools.gnu-tools-for-stm32.9-2020-q2-update.win32_2.0.0.202105311346/tools/bin/../lib/gcc/arm-none-eabi/9.3.1/../../../../arm-none-eabi/lib/thumb/v7e-m+dp/hard\libc_nano.a(lib_a-stdio.o)
                0x0000000008009e02                __sclose
 *fill*         0x0000000008009e0a        0x2 
 .text.__swbuf_r
                0x0000000008009e0c       0xa4 c:/st/stm32cubeide/stm32cubeide/plugins/com.st.stm32cube.ide.mcu.externaltools.gnu-tools-for-stm32.9-2020-q2-update.win32_2.0.0.202105311346/tools/bin/../lib/gcc/arm-none-eabi/9.3.1/../../../../arm-none-eabi/lib/thumb/v7e-m+dp/hard\libc_nano.a(lib_a-wbuf.o)
                0x0000000008009e0c                __swbuf_r
 .text._write_r
                0x0000000008009eb0       0x24 c:/st/stm32cubeide/stm32cubeide/plugins/com.st.stm32cube.ide.mcu.externaltools.gnu-tools-for-stm32.9-2020-q2-update.win32_2.0.0.202105311346/tools/bin/../lib/gcc/arm-none-eabi/9.3.1/../../../../arm-none-eabi/lib/thumb/v7e-m+dp/hard\libc_nano.a(lib_a-writer.o)
                0x0000000008009eb0                _write_r
 .text.__swsetup_r
                0x0000000008009ed4       0xdc c:/st/stm32cubeide/stm32cubeide/plugins/com.st.stm32cube.ide.mcu.externaltools.gnu-tools-for-stm32.9-2020-q2-update.win32_2.0.0.202105311346/tools/bin/../lib/gcc/arm-none-eabi/9.3.1/../../../../arm-none-eabi/lib/thumb/v7e-m+dp/hard\libc_nano.a(lib_a-wsetup.o)
                0x0000000008009ed4                __swsetup_r
 .text._close_r
                0x0000000008009fb0       0x20 c:/st/stm32cubeide/stm32cubeide/plugins/com.st.stm32cube.ide.mcu.externaltools.gnu-tools-for-stm32.9-2020-q2-update.win32_2.0.0.202105311346/tools/bin/../lib/gcc/arm-none-eabi/9.3.1/../../../../arm-none-eabi/lib/thumb/v7e-m+dp/hard\libc_nano.a(lib_a-closer.o)
                0x0000000008009fb0                _close_r
 .text.quorem   0x0000000008009fd0      0x116 c:/st/stm32cubeide/stm32cubeide/plugins/com.st.stm32cube.ide.mcu.externaltools.gnu-tools-for-stm32.9-2020-q2-update.win32_2.0.0.202105311346/tools/bin/../lib/gcc/arm-none-eabi/9.3.1/../../../../arm-none-eabi/lib/thumb/v7e-m+dp/hard\libc_nano.a(lib_a-dtoa.o)
 *fill*         0x000000000800a0e6        0x2 
 .text._dtoa_r  0x000000000800a0e8      0xb04 c:/st/stm32cubeide/stm32cubeide/plugins/com.st.stm32cube.ide.mcu.externaltools.gnu-tools-for-stm32.9-2020-q2-update.win32_2.0.0.202105311346/tools/bin/../lib/gcc/arm-none-eabi/9.3.1/../../../../arm-none-eabi/lib/thumb/v7e-m+dp/hard\libc_nano.a(lib_a-dtoa.o)
                0x000000000800a0e8                _dtoa_r
 .text.__sflush_r
                0x000000000800abec      0x10c c:/st/stm32cubeide/stm32cubeide/plugins/com.st.stm32cube.ide.mcu.externaltools.gnu-tools-for-stm32.9-2020-q2-update.win32_2.0.0.202105311346/tools/bin/../lib/gcc/arm-none-eabi/9.3.1/../../../../arm-none-eabi/lib/thumb/v7e-m+dp/hard\libc_nano.a(lib_a-fflush.o)
                0x000000000800abec                __sflush_r
 .text._fflush_r
                0x000000000800acf8       0x78 c:/st/stm32cubeide/stm32cubeide/plugins/com.st.stm32cube.ide.mcu.externaltools.gnu-tools-for-stm32.9-2020-q2-update.win32_2.0.0.202105311346/tools/bin/../lib/gcc/arm-none-eabi/9.3.1/../../../../arm-none-eabi/lib/thumb/v7e-m+dp/hard\libc_nano.a(lib_a-fflush.o)
                0x000000000800acf8                _fflush_r
 .text._localeconv_r
                0x000000000800ad70        0x8 c:/st/stm32cubeide/stm32cubeide/plugins/com.st.stm32cube.ide.mcu.externaltools.gnu-tools-for-stm32.9-2020-q2-update.win32_2.0.0.202105311346/tools/bin/../lib/gcc/arm-none-eabi/9.3.1/../../../../arm-none-eabi/lib/thumb/v7e-m+dp/hard\libc_nano.a(lib_a-localeconv.o)
                0x000000000800ad70                _localeconv_r
 .text._lseek_r
                0x000000000800ad78       0x24 c:/st/stm32cubeide/stm32cubeide/plugins/com.st.stm32cube.ide.mcu.externaltools.gnu-tools-for-stm32.9-2020-q2-update.win32_2.0.0.202105311346/tools/bin/../lib/gcc/arm-none-eabi/9.3.1/../../../../arm-none-eabi/lib/thumb/v7e-m+dp/hard\libc_nano.a(lib_a-lseekr.o)
                0x000000000800ad78                _lseek_r
 .text.__swhatbuf_r
                0x000000000800ad9c       0x48 c:/st/stm32cubeide/stm32cubeide/plugins/com.st.stm32cube.ide.mcu.externaltools.gnu-tools-for-stm32.9-2020-q2-update.win32_2.0.0.202105311346/tools/bin/../lib/gcc/arm-none-eabi/9.3.1/../../../../arm-none-eabi/lib/thumb/v7e-m+dp/hard\libc_nano.a(lib_a-makebuf.o)
                0x000000000800ad9c                __swhatbuf_r
 .text.__smakebuf_r
                0x000000000800ade4       0x80 c:/st/stm32cubeide/stm32cubeide/plugins/com.st.stm32cube.ide.mcu.externaltools.gnu-tools-for-stm32.9-2020-q2-update.win32_2.0.0.202105311346/tools/bin/../lib/gcc/arm-none-eabi/9.3.1/../../../../arm-none-eabi/lib/thumb/v7e-m+dp/hard\libc_nano.a(lib_a-makebuf.o)
                0x000000000800ade4                __smakebuf_r
 .text.__malloc_lock
                0x000000000800ae64        0xc c:/st/stm32cubeide/stm32cubeide/plugins/com.st.stm32cube.ide.mcu.externaltools.gnu-tools-for-stm32.9-2020-q2-update.win32_2.0.0.202105311346/tools/bin/../lib/gcc/arm-none-eabi/9.3.1/../../../../arm-none-eabi/lib/thumb/v7e-m+dp/hard\libc_nano.a(lib_a-mlock.o)
                0x000000000800ae64                __malloc_lock
 .text.__malloc_unlock
                0x000000000800ae70        0xc c:/st/stm32cubeide/stm32cubeide/plugins/com.st.stm32cube.ide.mcu.externaltools.gnu-tools-for-stm32.9-2020-q2-update.win32_2.0.0.202105311346/tools/bin/../lib/gcc/arm-none-eabi/9.3.1/../../../../arm-none-eabi/lib/thumb/v7e-m+dp/hard\libc_nano.a(lib_a-mlock.o)
                0x000000000800ae70                __malloc_unlock
 .text._Balloc  0x000000000800ae7c       0x80 c:/st/stm32cubeide/stm32cubeide/plugins/com.st.stm32cube.ide.mcu.externaltools.gnu-tools-for-stm32.9-2020-q2-update.win32_2.0.0.202105311346/tools/bin/../lib/gcc/arm-none-eabi/9.3.1/../../../../arm-none-eabi/lib/thumb/v7e-m+dp/hard\libc_nano.a(lib_a-mprec.o)
                0x000000000800ae7c                _Balloc
 .text._Bfree   0x000000000800aefc       0x44 c:/st/stm32cubeide/stm32cubeide/plugins/com.st.stm32cube.ide.mcu.externaltools.gnu-tools-for-stm32.9-2020-q2-update.win32_2.0.0.202105311346/tools/bin/../lib/gcc/arm-none-eabi/9.3.1/../../../../arm-none-eabi/lib/thumb/v7e-m+dp/hard\libc_nano.a(lib_a-mprec.o)
                0x000000000800aefc                _Bfree
 .text.__multadd
                0x000000000800af40       0x94 c:/st/stm32cubeide/stm32cubeide/plugins/com.st.stm32cube.ide.mcu.externaltools.gnu-tools-for-stm32.9-2020-q2-update.win32_2.0.0.202105311346/tools/bin/../lib/gcc/arm-none-eabi/9.3.1/../../../../arm-none-eabi/lib/thumb/v7e-m+dp/hard\libc_nano.a(lib_a-mprec.o)
                0x000000000800af40                __multadd
 .text.__hi0bits
                0x000000000800afd4       0x40 c:/st/stm32cubeide/stm32cubeide/plugins/com.st.stm32cube.ide.mcu.externaltools.gnu-tools-for-stm32.9-2020-q2-update.win32_2.0.0.202105311346/tools/bin/../lib/gcc/arm-none-eabi/9.3.1/../../../../arm-none-eabi/lib/thumb/v7e-m+dp/hard\libc_nano.a(lib_a-mprec.o)
                0x000000000800afd4                __hi0bits
 .text.__lo0bits
                0x000000000800b014       0x60 c:/st/stm32cubeide/stm32cubeide/plugins/com.st.stm32cube.ide.mcu.externaltools.gnu-tools-for-stm32.9-2020-q2-update.win32_2.0.0.202105311346/tools/bin/../lib/gcc/arm-none-eabi/9.3.1/../../../../arm-none-eabi/lib/thumb/v7e-m+dp/hard\libc_nano.a(lib_a-mprec.o)
                0x000000000800b014                __lo0bits
 .text.__i2b    0x000000000800b074       0x2c c:/st/stm32cubeide/stm32cubeide/plugins/com.st.stm32cube.ide.mcu.externaltools.gnu-tools-for-stm32.9-2020-q2-update.win32_2.0.0.202105311346/tools/bin/../lib/gcc/arm-none-eabi/9.3.1/../../../../arm-none-eabi/lib/thumb/v7e-m+dp/hard\libc_nano.a(lib_a-mprec.o)
                0x000000000800b074                __i2b
 .text.__multiply
                0x000000000800b0a0      0x14c c:/st/stm32cubeide/stm32cubeide/plugins/com.st.stm32cube.ide.mcu.externaltools.gnu-tools-for-stm32.9-2020-q2-update.win32_2.0.0.202105311346/tools/bin/../lib/gcc/arm-none-eabi/9.3.1/../../../../arm-none-eabi/lib/thumb/v7e-m+dp/hard\libc_nano.a(lib_a-mprec.o)
                0x000000000800b0a0                __multiply
 .text.__pow5mult
                0x000000000800b1ec       0xb4 c:/st/stm32cubeide/stm32cubeide/plugins/com.st.stm32cube.ide.mcu.externaltools.gnu-tools-for-stm32.9-2020-q2-update.win32_2.0.0.202105311346/tools/bin/../lib/gcc/arm-none-eabi/9.3.1/../../../../arm-none-eabi/lib/thumb/v7e-m+dp/hard\libc_nano.a(lib_a-mprec.o)
                0x000000000800b1ec                __pow5mult
 .text.__lshift
                0x000000000800b2a0       0xd8 c:/st/stm32cubeide/stm32cubeide/plugins/com.st.stm32cube.ide.mcu.externaltools.gnu-tools-for-stm32.9-2020-q2-update.win32_2.0.0.202105311346/tools/bin/../lib/gcc/arm-none-eabi/9.3.1/../../../../arm-none-eabi/lib/thumb/v7e-m+dp/hard\libc_nano.a(lib_a-mprec.o)
                0x000000000800b2a0                __lshift
 .text.__mcmp   0x000000000800b378       0x38 c:/st/stm32cubeide/stm32cubeide/plugins/com.st.stm32cube.ide.mcu.externaltools.gnu-tools-for-stm32.9-2020-q2-update.win32_2.0.0.202105311346/tools/bin/../lib/gcc/arm-none-eabi/9.3.1/../../../../arm-none-eabi/lib/thumb/v7e-m+dp/hard\libc_nano.a(lib_a-mprec.o)
                0x000000000800b378                __mcmp
 .text.__mdiff  0x000000000800b3b0      0x110 c:/st/stm32cubeide/stm32cubeide/plugins/com.st.stm32cube.ide.mcu.externaltools.gnu-tools-for-stm32.9-2020-q2-update.win32_2.0.0.202105311346/tools/bin/../lib/gcc/arm-none-eabi/9.3.1/../../../../arm-none-eabi/lib/thumb/v7e-m+dp/hard\libc_nano.a(lib_a-mprec.o)
                0x000000000800b3b0                __mdiff
 .text.__d2b    0x000000000800b4c0       0xb8 c:/st/stm32cubeide/stm32cubeide/plugins/com.st.stm32cube.ide.mcu.externaltools.gnu-tools-for-stm32.9-2020-q2-update.win32_2.0.0.202105311346/tools/bin/../lib/gcc/arm-none-eabi/9.3.1/../../../../arm-none-eabi/lib/thumb/v7e-m+dp/hard\libc_nano.a(lib_a-mprec.o)
                0x000000000800b4c0                __d2b
 .text._calloc_r
                0x000000000800b578       0x1e c:/st/stm32cubeide/stm32cubeide/plugins/com.st.stm32cube.ide.mcu.externaltools.gnu-tools-for-stm32.9-2020-q2-update.win32_2.0.0.202105311346/tools/bin/../lib/gcc/arm-none-eabi/9.3.1/../../../../arm-none-eabi/lib/thumb/v7e-m+dp/hard\libc_nano.a(lib_a-nano-callocr.o)
                0x000000000800b578                _calloc_r
 .text.__sfputc_r
                0x000000000800b596       0x2e c:/st/stm32cubeide/stm32cubeide/plugins/com.st.stm32cube.ide.mcu.externaltools.gnu-tools-for-stm32.9-2020-q2-update.win32_2.0.0.202105311346/tools/bin/../lib/gcc/arm-none-eabi/9.3.1/../../../../arm-none-eabi/lib/thumb/v7e-m+dp/hard\libc_nano.a(lib_a-nano-vfprintf.o)
 .text.__sfputs_r
                0x000000000800b5c4       0x24 c:/st/stm32cubeide/stm32cubeide/plugins/com.st.stm32cube.ide.mcu.externaltools.gnu-tools-for-stm32.9-2020-q2-update.win32_2.0.0.202105311346/tools/bin/../lib/gcc/arm-none-eabi/9.3.1/../../../../arm-none-eabi/lib/thumb/v7e-m+dp/hard\libc_nano.a(lib_a-nano-vfprintf.o)
                0x000000000800b5c4                __sfputs_r
 .text._vfprintf_r
                0x000000000800b5e8      0x260 c:/st/stm32cubeide/stm32cubeide/plugins/com.st.stm32cube.ide.mcu.externaltools.gnu-tools-for-stm32.9-2020-q2-update.win32_2.0.0.202105311346/tools/bin/../lib/gcc/arm-none-eabi/9.3.1/../../../../arm-none-eabi/lib/thumb/v7e-m+dp/hard\libc_nano.a(lib_a-nano-vfprintf.o)
                0x000000000800b5e8                _vfprintf_r
                0x000000000800b5e8                _vfiprintf_r
 .text._read_r  0x000000000800b848       0x24 c:/st/stm32cubeide/stm32cubeide/plugins/com.st.stm32cube.ide.mcu.externaltools.gnu-tools-for-stm32.9-2020-q2-update.win32_2.0.0.202105311346/tools/bin/../lib/gcc/arm-none-eabi/9.3.1/../../../../arm-none-eabi/lib/thumb/v7e-m+dp/hard\libc_nano.a(lib_a-readr.o)
                0x000000000800b848                _read_r
 .text.__assert_func
                0x000000000800b86c       0x3c c:/st/stm32cubeide/stm32cubeide/plugins/com.st.stm32cube.ide.mcu.externaltools.gnu-tools-for-stm32.9-2020-q2-update.win32_2.0.0.202105311346/tools/bin/../lib/gcc/arm-none-eabi/9.3.1/../../../../arm-none-eabi/lib/thumb/v7e-m+dp/hard\libc_nano.a(lib_a-assert.o)
                0x000000000800b86c                __assert_func
 .text.fprintf  0x000000000800b8a8       0x24 c:/st/stm32cubeide/stm32cubeide/plugins/com.st.stm32cube.ide.mcu.externaltools.gnu-tools-for-stm32.9-2020-q2-update.win32_2.0.0.202105311346/tools/bin/../lib/gcc/arm-none-eabi/9.3.1/../../../../arm-none-eabi/lib/thumb/v7e-m+dp/hard\libc_nano.a(lib_a-fprintf.o)
                0x000000000800b8a8                fiprintf
                0x000000000800b8a8                fprintf
 .text._fstat_r
                0x000000000800b8cc       0x24 c:/st/stm32cubeide/stm32cubeide/plugins/com.st.stm32cube.ide.mcu.externaltools.gnu-tools-for-stm32.9-2020-q2-update.win32_2.0.0.202105311346/tools/bin/../lib/gcc/arm-none-eabi/9.3.1/../../../../arm-none-eabi/lib/thumb/v7e-m+dp/hard\libc_nano.a(lib_a-fstatr.o)
                0x000000000800b8cc                _fstat_r
 .text._isatty_r
                0x000000000800b8f0       0x20 c:/st/stm32cubeide/stm32cubeide/plugins/com.st.stm32cube.ide.mcu.externaltools.gnu-tools-for-stm32.9-2020-q2-update.win32_2.0.0.202105311346/tools/bin/../lib/gcc/arm-none-eabi/9.3.1/../../../../arm-none-eabi/lib/thumb/v7e-m+dp/hard\libc_nano.a(lib_a-isattyr.o)
                0x000000000800b8f0                _isatty_r
 .text.__ascii_mbtowc
                0x000000000800b910       0x24 c:/st/stm32cubeide/stm32cubeide/plugins/com.st.stm32cube.ide.mcu.externaltools.gnu-tools-for-stm32.9-2020-q2-update.win32_2.0.0.202105311346/tools/bin/../lib/gcc/arm-none-eabi/9.3.1/../../../../arm-none-eabi/lib/thumb/v7e-m+dp/hard\libc_nano.a(lib_a-mbtowc_r.o)
                0x000000000800b910                __ascii_mbtowc
 .text.__ascii_wctomb
                0x000000000800b934       0x1a c:/st/stm32cubeide/stm32cubeide/plugins/com.st.stm32cube.ide.mcu.externaltools.gnu-tools-for-stm32.9-2020-q2-update.win32_2.0.0.202105311346/tools/bin/../lib/gcc/arm-none-eabi/9.3.1/../../../../arm-none-eabi/lib/thumb/v7e-m+dp/hard\libc_nano.a(lib_a-wctomb_r.o)
                0x000000000800b934                __ascii_wctomb
 .text.abort    0x000000000800b94e        0xe c:/st/stm32cubeide/stm32cubeide/plugins/com.st.stm32cube.ide.mcu.externaltools.gnu-tools-for-stm32.9-2020-q2-update.win32_2.0.0.202105311346/tools/bin/../lib/gcc/arm-none-eabi/9.3.1/../../../../arm-none-eabi/lib/thumb/v7e-m+dp/hard\libc_nano.a(lib_a-abort.o)
                0x000000000800b94e                abort
 .text._raise_r
                0x000000000800b95c       0x50 c:/st/stm32cubeide/stm32cubeide/plugins/com.st.stm32cube.ide.mcu.externaltools.gnu-tools-for-stm32.9-2020-q2-update.win32_2.0.0.202105311346/tools/bin/../lib/gcc/arm-none-eabi/9.3.1/../../../../arm-none-eabi/lib/thumb/v7e-m+dp/hard\libc_nano.a(lib_a-signal.o)
                0x000000000800b95c                _raise_r
 .text.raise    0x000000000800b9ac       0x10 c:/st/stm32cubeide/stm32cubeide/plugins/com.st.stm32cube.ide.mcu.externaltools.gnu-tools-for-stm32.9-2020-q2-update.win32_2.0.0.202105311346/tools/bin/../lib/gcc/arm-none-eabi/9.3.1/../../../../arm-none-eabi/lib/thumb/v7e-m+dp/hard\libc_nano.a(lib_a-signal.o)
                0x000000000800b9ac                raise
 .text._kill_r  0x000000000800b9bc       0x24 c:/st/stm32cubeide/stm32cubeide/plugins/com.st.stm32cube.ide.mcu.externaltools.gnu-tools-for-stm32.9-2020-q2-update.win32_2.0.0.202105311346/tools/bin/../lib/gcc/arm-none-eabi/9.3.1/../../../../arm-none-eabi/lib/thumb/v7e-m+dp/hard\libc_nano.a(lib_a-signalr.o)
                0x000000000800b9bc                _kill_r
 .text._getpid_r
                0x000000000800b9e0        0x4 c:/st/stm32cubeide/stm32cubeide/plugins/com.st.stm32cube.ide.mcu.externaltools.gnu-tools-for-stm32.9-2020-q2-update.win32_2.0.0.202105311346/tools/bin/../lib/gcc/arm-none-eabi/9.3.1/../../../../arm-none-eabi/lib/thumb/v7e-m+dp/hard\libc_nano.a(lib_a-signalr.o)
                0x000000000800b9e0                _getpid_r
 *(.glue_7)
 .glue_7        0x000000000800b9e4        0x0 linker stubs
 *(.glue_7t)
 .glue_7t       0x000000000800b9e4        0x0 linker stubs
 *(.eh_frame)
 .eh_frame      0x000000000800b9e4        0x0 c:/st/stm32cubeide/stm32cubeide/plugins/com.st.stm32cube.ide.mcu.externaltools.gnu-tools-for-stm32.9-2020-q2-update.win32_2.0.0.202105311346/tools/bin/../lib/gcc/arm-none-eabi/9.3.1/thumb/v7e-m+dp/hard/crtbegin.o
 *(.init)
 .init          0x000000000800b9e4        0x4 c:/st/stm32cubeide/stm32cubeide/plugins/com.st.stm32cube.ide.mcu.externaltools.gnu-tools-for-stm32.9-2020-q2-update.win32_2.0.0.202105311346/tools/bin/../lib/gcc/arm-none-eabi/9.3.1/thumb/v7e-m+dp/hard/crti.o
                0x000000000800b9e4                _init
 .init          0x000000000800b9e8        0x8 c:/st/stm32cubeide/stm32cubeide/plugins/com.st.stm32cube.ide.mcu.externaltools.gnu-tools-for-stm32.9-2020-q2-update.win32_2.0.0.202105311346/tools/bin/../lib/gcc/arm-none-eabi/9.3.1/thumb/v7e-m+dp/hard/crtn.o
 *(.fini)
 .fini          0x000000000800b9f0        0x4 c:/st/stm32cubeide/stm32cubeide/plugins/com.st.stm32cube.ide.mcu.externaltools.gnu-tools-for-stm32.9-2020-q2-update.win32_2.0.0.202105311346/tools/bin/../lib/gcc/arm-none-eabi/9.3.1/thumb/v7e-m+dp/hard/crti.o
                0x000000000800b9f0                _fini
 .fini          0x000000000800b9f4        0x8 c:/st/stm32cubeide/stm32cubeide/plugins/com.st.stm32cube.ide.mcu.externaltools.gnu-tools-for-stm32.9-2020-q2-update.win32_2.0.0.202105311346/tools/bin/../lib/gcc/arm-none-eabi/9.3.1/thumb/v7e-m+dp/hard/crtn.o
                0x000000000800b9fc                . = ALIGN (0x4)
                0x000000000800b9fc                _etext = .

.vfp11_veneer   0x000000000800b9fc        0x0
 .vfp11_veneer  0x000000000800b9fc        0x0 linker stubs

.v4_bx          0x000000000800b9fc        0x0
 .v4_bx         0x000000000800b9fc        0x0 linker stubs

.iplt           0x000000000800b9fc        0x0
 .iplt          0x000000000800b9fc        0x0 c:/st/stm32cubeide/stm32cubeide/plugins/com.st.stm32cube.ide.mcu.externaltools.gnu-tools-for-stm32.9-2020-q2-update.win32_2.0.0.202105311346/tools/bin/../lib/gcc/arm-none-eabi/9.3.1/thumb/v7e-m+dp/hard/crtbegin.o

.rodata         0x000000000800ba00      0x7c4
                0x000000000800ba00                . = ALIGN (0x4)
 *(.rodata)
 .rodata        0x000000000800ba00      0x399 ./Core/Src/freertos.o
 *fill*         0x000000000800bd99        0x3 
 .rodata        0x000000000800bd9c       0x30 ./Middlewares/Third_Party/FreeRTOS/Source/tasks.o
 *(.rodata*)
 .rodata.AHBPrescTable
                0x000000000800bdcc       0x10 ./Core/Src/system_stm32f7xx.o
                0x000000000800bdcc                AHBPrescTable
 .rodata.APBPrescTable
                0x000000000800bddc        0x8 ./Core/Src/system_stm32f7xx.o
                0x000000000800bddc                APBPrescTable
 .rodata.__sf_fake_stderr
                0x000000000800bde4       0x20 c:/st/stm32cubeide/stm32cubeide/plugins/com.st.stm32cube.ide.mcu.externaltools.gnu-tools-for-stm32.9-2020-q2-update.win32_2.0.0.202105311346/tools/bin/../lib/gcc/arm-none-eabi/9.3.1/../../../../arm-none-eabi/lib/thumb/v7e-m+dp/hard\libc_nano.a(lib_a-findfp.o)
                0x000000000800bde4                __sf_fake_stderr
 .rodata.__sf_fake_stdin
                0x000000000800be04       0x20 c:/st/stm32cubeide/stm32cubeide/plugins/com.st.stm32cube.ide.mcu.externaltools.gnu-tools-for-stm32.9-2020-q2-update.win32_2.0.0.202105311346/tools/bin/../lib/gcc/arm-none-eabi/9.3.1/../../../../arm-none-eabi/lib/thumb/v7e-m+dp/hard\libc_nano.a(lib_a-findfp.o)
                0x000000000800be04                __sf_fake_stdin
 .rodata.__sf_fake_stdout
                0x000000000800be24       0x20 c:/st/stm32cubeide/stm32cubeide/plugins/com.st.stm32cube.ide.mcu.externaltools.gnu-tools-for-stm32.9-2020-q2-update.win32_2.0.0.202105311346/tools/bin/../lib/gcc/arm-none-eabi/9.3.1/../../../../arm-none-eabi/lib/thumb/v7e-m+dp/hard\libc_nano.a(lib_a-findfp.o)
                0x000000000800be24                __sf_fake_stdout
 .rodata._global_impure_ptr
                0x000000000800be44        0x4 c:/st/stm32cubeide/stm32cubeide/plugins/com.st.stm32cube.ide.mcu.externaltools.gnu-tools-for-stm32.9-2020-q2-update.win32_2.0.0.202105311346/tools/bin/../lib/gcc/arm-none-eabi/9.3.1/../../../../arm-none-eabi/lib/thumb/v7e-m+dp/hard\libc_nano.a(lib_a-impure.o)
                0x000000000800be44                _global_impure_ptr
 .rodata._printf_float.str1.1
                0x000000000800be48       0x12 c:/st/stm32cubeide/stm32cubeide/plugins/com.st.stm32cube.ide.mcu.externaltools.gnu-tools-for-stm32.9-2020-q2-update.win32_2.0.0.202105311346/tools/bin/../lib/gcc/arm-none-eabi/9.3.1/../../../../arm-none-eabi/lib/thumb/v7e-m+dp/hard\libc_nano.a(lib_a-nano-vfprintf_float.o)
 .rodata._printf_i.str1.1
                0x000000000800be5a       0x22 c:/st/stm32cubeide/stm32cubeide/plugins/com.st.stm32cube.ide.mcu.externaltools.gnu-tools-for-stm32.9-2020-q2-update.win32_2.0.0.202105311346/tools/bin/../lib/gcc/arm-none-eabi/9.3.1/../../../../arm-none-eabi/lib/thumb/v7e-m+dp/hard\libc_nano.a(lib_a-nano-vfprintf_i.o)
 .rodata._dtoa_r.str1.1
                0x000000000800be7c       0x94 c:/st/stm32cubeide/stm32cubeide/plugins/com.st.stm32cube.ide.mcu.externaltools.gnu-tools-for-stm32.9-2020-q2-update.win32_2.0.0.202105311346/tools/bin/../lib/gcc/arm-none-eabi/9.3.1/../../../../arm-none-eabi/lib/thumb/v7e-m+dp/hard\libc_nano.a(lib_a-dtoa.o)
                                         0x96 (size before relaxing)
 .rodata._Balloc.str1.1
                0x000000000800bf10       0x60 c:/st/stm32cubeide/stm32cubeide/plugins/com.st.stm32cube.ide.mcu.externaltools.gnu-tools-for-stm32.9-2020-q2-update.win32_2.0.0.202105311346/tools/bin/../lib/gcc/arm-none-eabi/9.3.1/../../../../arm-none-eabi/lib/thumb/v7e-m+dp/hard\libc_nano.a(lib_a-mprec.o)
                                         0x77 (size before relaxing)
 .rodata.__multadd.str1.1
                0x000000000800bf70       0x11 c:/st/stm32cubeide/stm32cubeide/plugins/com.st.stm32cube.ide.mcu.externaltools.gnu-tools-for-stm32.9-2020-q2-update.win32_2.0.0.202105311346/tools/bin/../lib/gcc/arm-none-eabi/9.3.1/../../../../arm-none-eabi/lib/thumb/v7e-m+dp/hard\libc_nano.a(lib_a-mprec.o)
 .rodata.__mprec_bigtens
                0x000000000800bf70       0x28 c:/st/stm32cubeide/stm32cubeide/plugins/com.st.stm32cube.ide.mcu.externaltools.gnu-tools-for-stm32.9-2020-q2-update.win32_2.0.0.202105311346/tools/bin/../lib/gcc/arm-none-eabi/9.3.1/../../../../arm-none-eabi/lib/thumb/v7e-m+dp/hard\libc_nano.a(lib_a-mprec.o)
                0x000000000800bf70                __mprec_bigtens
 .rodata.__mprec_tens
                0x000000000800bf98       0xc8 c:/st/stm32cubeide/stm32cubeide/plugins/com.st.stm32cube.ide.mcu.externaltools.gnu-tools-for-stm32.9-2020-q2-update.win32_2.0.0.202105311346/tools/bin/../lib/gcc/arm-none-eabi/9.3.1/../../../../arm-none-eabi/lib/thumb/v7e-m+dp/hard\libc_nano.a(lib_a-mprec.o)
                0x000000000800bf98                __mprec_tens
 .rodata.p05.7513
                0x000000000800c060        0xc c:/st/stm32cubeide/stm32cubeide/plugins/com.st.stm32cube.ide.mcu.externaltools.gnu-tools-for-stm32.9-2020-q2-update.win32_2.0.0.202105311346/tools/bin/../lib/gcc/arm-none-eabi/9.3.1/../../../../arm-none-eabi/lib/thumb/v7e-m+dp/hard\libc_nano.a(lib_a-mprec.o)
 .rodata._vfprintf_r.str1.1
                0x000000000800c06c       0x11 c:/st/stm32cubeide/stm32cubeide/plugins/com.st.stm32cube.ide.mcu.externaltools.gnu-tools-for-stm32.9-2020-q2-update.win32_2.0.0.202105311346/tools/bin/../lib/gcc/arm-none-eabi/9.3.1/../../../../arm-none-eabi/lib/thumb/v7e-m+dp/hard\libc_nano.a(lib_a-nano-vfprintf.o)
 .rodata.__assert_func.str1.1
                0x000000000800c07d       0x3c c:/st/stm32cubeide/stm32cubeide/plugins/com.st.stm32cube.ide.mcu.externaltools.gnu-tools-for-stm32.9-2020-q2-update.win32_2.0.0.202105311346/tools/bin/../lib/gcc/arm-none-eabi/9.3.1/../../../../arm-none-eabi/lib/thumb/v7e-m+dp/hard\libc_nano.a(lib_a-assert.o)
                                         0x3d (size before relaxing)
 .rodata._setlocale_r.str1.1